[1/4] Run thredds_download.py
Downloaded: metadata/AWS_sites_metadata.csv
Downloaded: metadata/AWS_variables.csv
Downloaded: metadata/AWS_data_readme.pdf
Downloaded: level_3_sites/csv/month/CEN_month.csv
Downloaded: level_3_sites/csv/month/CP1_month.csv
Downloaded: level_3_sites/csv/month/DY2_month.csv
Downloaded: level_3_sites/csv/month/EGP_month.csv
Downloaded: level_3_sites/csv/month/FRE_month.csv
Downloaded: level_3_sites/csv/month/HUM_month.csv
Downloaded: level_3_sites/csv/month/JAR_month.csv
Downloaded: level_3_sites/csv/month/KAN_B_month.csv
Downloaded: level_3_sites/csv/month/KAN_L_month.csv
Downloaded: level_3_sites/csv/month/KAN_M_month.csv
Downloaded: level_3_sites/csv/month/KAN_T_month.csv
Downloaded: level_3_sites/csv/month/KAN_U_month.csv
Downloaded: level_3_sites/csv/month/KPC_L_month.csv
Downloaded: level_3_sites/csv/month/KPC_U_month.csv
Downloaded: level_3_sites/csv/month/LYN_L_month.csv
Downloaded: level_3_sites/csv/month/LYN_T_month.csv
Downloaded: level_3_sites/csv/month/MIT_month.csv
Downloaded: level_3_sites/csv/month/MIT_B_month.csv
Downloaded: level_3_sites/csv/month/NAE_month.csv
Downloaded: level_3_sites/csv/month/NAU_month.csv
Downloaded: level_3_sites/csv/month/NEM_month.csv
Downloaded: level_3_sites/csv/month/NSE_month.csv
Downloaded: level_3_sites/csv/month/NUK_B_month.csv
Downloaded: level_3_sites/csv/month/NUK_K_month.csv
Downloaded: level_3_sites/csv/month/NUK_L_month.csv
Downloaded: level_3_sites/csv/month/NUK_N_month.csv
Downloaded: level_3_sites/csv/month/NUK_P_month.csv
Downloaded: level_3_sites/csv/month/NUK_U_month.csv
Downloaded: level_3_sites/csv/month/ORO_month.csv
Downloaded: level_3_sites/csv/month/QAS_A_month.csv
Downloaded: level_3_sites/csv/month/QAS_L_month.csv
Downloaded: level_3_sites/csv/month/QAS_M_month.csv
Downloaded: level_3_sites/csv/month/QAS_U_month.csv
Downloaded: level_3_sites/csv/month/RED_L_month.csv
Downloaded: level_3_sites/csv/month/SCO_L_month.csv
Downloaded: level_3_sites/csv/month/SCO_U_month.csv
Downloaded: level_3_sites/csv/month/SDL_month.csv
Downloaded: level_3_sites/csv/month/SDM_month.csv
Downloaded: level_3_sites/csv/month/SER_B_month.csv
Downloaded: level_3_sites/csv/month/STA_month.csv
Downloaded: level_3_sites/csv/month/SUM_month.csv
Downloaded: level_3_sites/csv/month/SWC_month.csv
Downloaded: level_3_sites/csv/month/TAS_A_month.csv
Downloaded: level_3_sites/csv/month/TAS_L_month.csv
Downloaded: level_3_sites/csv/month/TAS_U_month.csv
Downloaded: level_3_sites/csv/month/THU_L_month.csv
Downloaded: level_3_sites/csv/month/THU_L2_month.csv
Downloaded: level_3_sites/csv/month/THU_U_month.csv
Downloaded: level_3_sites/csv/month/TUN_month.csv
Downloaded: level_3_sites/csv/month/UPE_L_month.csv
Downloaded: level_3_sites/csv/month/UPE_U_month.csv
Downloaded: level_3_sites/csv/month/UWN_month.csv
Downloaded: level_3_sites/csv/month/WEG_B_month.csv
Downloaded: level_3_sites/csv/month/WEG_L_month.csv
Downloaded: level_3_sites/csv/month/ZAC_A_month.csv
Downloaded: level_3_sites/csv/month/ZAC_L_month.csv
Downloaded: level_3_sites/csv/month/ZAC_U_month.csv
Downloaded: metadata/AWS_sites_metadata.csv
Downloaded: metadata/AWS_variables.csv
Downloaded: metadata/AWS_data_readme.pdf
Downloaded: level_3_sites/csv/day/CEN_day.csv
Downloaded: level_3_sites/csv/day/CP1_day.csv
Downloaded: level_3_sites/csv/day/DY2_day.csv
Downloaded: level_3_sites/csv/day/EGP_day.csv
Downloaded: level_3_sites/csv/day/FRE_day.csv
Downloaded: level_3_sites/csv/day/HUM_day.csv
Downloaded: level_3_sites/csv/day/JAR_day.csv
Downloaded: level_3_sites/csv/day/KAN_B_day.csv
Downloaded: level_3_sites/csv/day/KAN_L_day.csv
Downloaded: level_3_sites/csv/day/KAN_M_day.csv
Downloaded: level_3_sites/csv/day/KAN_T_day.csv
Downloaded: level_3_sites/csv/day/KAN_U_day.csv
Downloaded: level_3_sites/csv/day/KPC_L_day.csv
Downloaded: level_3_sites/csv/day/KPC_U_day.csv
Downloaded: level_3_sites/csv/day/LYN_L_day.csv
Downloaded: level_3_sites/csv/day/LYN_T_day.csv
Downloaded: level_3_sites/csv/day/MIT_day.csv
Downloaded: level_3_sites/csv/day/MIT_B_day.csv
Downloaded: level_3_sites/csv/day/NAE_day.csv
Downloaded: level_3_sites/csv/day/NAU_day.csv
Downloaded: level_3_sites/csv/day/NEM_day.csv
Downloaded: level_3_sites/csv/day/NSE_day.csv
Downloaded: level_3_sites/csv/day/NUK_B_day.csv
Downloaded: level_3_sites/csv/day/NUK_K_day.csv
Downloaded: level_3_sites/csv/day/NUK_L_day.csv
Downloaded: level_3_sites/csv/day/NUK_N_day.csv
Downloaded: level_3_sites/csv/day/NUK_P_day.csv
Downloaded: level_3_sites/csv/day/NUK_U_day.csv
Downloaded: level_3_sites/csv/day/ORO_day.csv
Downloaded: level_3_sites/csv/day/QAS_A_day.csv
Downloaded: level_3_sites/csv/day/QAS_L_day.csv
Downloaded: level_3_sites/csv/day/QAS_M_day.csv
Downloaded: level_3_sites/csv/day/QAS_U_day.csv
Downloaded: level_3_sites/csv/day/RED_L_day.csv
Downloaded: level_3_sites/csv/day/SCO_L_day.csv
Downloaded: level_3_sites/csv/day/SCO_U_day.csv
Downloaded: level_3_sites/csv/day/SDL_day.csv
Downloaded: level_3_sites/csv/day/SDM_day.csv
Downloaded: level_3_sites/csv/day/SER_B_day.csv
Downloaded: level_3_sites/csv/day/STA_day.csv
Downloaded: level_3_sites/csv/day/SUM_day.csv
Downloaded: level_3_sites/csv/day/SWC_day.csv
Downloaded: level_3_sites/csv/day/TAS_A_day.csv
Downloaded: level_3_sites/csv/day/TAS_L_day.csv
Downloaded: level_3_sites/csv/day/TAS_U_day.csv
Downloaded: level_3_sites/csv/day/THU_L_day.csv
Downloaded: level_3_sites/csv/day/THU_L2_day.csv
Downloaded: level_3_sites/csv/day/THU_U_day.csv
Downloaded: level_3_sites/csv/day/TUN_day.csv
Downloaded: level_3_sites/csv/day/UPE_L_day.csv
Downloaded: level_3_sites/csv/day/UPE_U_day.csv
Downloaded: level_3_sites/csv/day/UWN_day.csv
Downloaded: level_3_sites/csv/day/WEG_B_day.csv
Downloaded: level_3_sites/csv/day/WEG_L_day.csv
Downloaded: level_3_sites/csv/day/ZAC_A_day.csv
Downloaded: level_3_sites/csv/day/ZAC_L_day.csv
Downloaded: level_3_sites/csv/day/ZAC_U_day.csv
Downloaded: metadata/AWS_sites_metadata.csv
Downloaded: metadata/AWS_variables.csv
Downloaded: metadata/AWS_data_readme.pdf
Downloaded: level_3_sites/csv/hour/CEN_hour.csv
Downloaded: level_3_sites/csv/hour/CP1_hour.csv
Downloaded: level_3_sites/csv/hour/DY2_hour.csv
Downloaded: level_3_sites/csv/hour/EGP_hour.csv
Downloaded: level_3_sites/csv/hour/FRE_hour.csv
Downloaded: level_3_sites/csv/hour/HUM_hour.csv
Downloaded: level_3_sites/csv/hour/JAR_hour.csv
Downloaded: level_3_sites/csv/hour/KAN_B_hour.csv
Downloaded: level_3_sites/csv/hour/KAN_L_hour.csv
Downloaded: level_3_sites/csv/hour/KAN_M_hour.csv
Downloaded: level_3_sites/csv/hour/KAN_T_hour.csv
Downloaded: level_3_sites/csv/hour/KAN_U_hour.csv
Downloaded: level_3_sites/csv/hour/KPC_L_hour.csv
Downloaded: level_3_sites/csv/hour/KPC_U_hour.csv
Downloaded: level_3_sites/csv/hour/LYN_L_hour.csv
Downloaded: level_3_sites/csv/hour/LYN_T_hour.csv
Downloaded: level_3_sites/csv/hour/MIT_hour.csv
Downloaded: level_3_sites/csv/hour/MIT_B_hour.csv
Downloaded: level_3_sites/csv/hour/NAE_hour.csv
Downloaded: level_3_sites/csv/hour/NAU_hour.csv
Downloaded: level_3_sites/csv/hour/NEM_hour.csv
Downloaded: level_3_sites/csv/hour/NSE_hour.csv
Downloaded: level_3_sites/csv/hour/NUK_B_hour.csv
Downloaded: level_3_sites/csv/hour/NUK_K_hour.csv
Downloaded: level_3_sites/csv/hour/NUK_L_hour.csv
Downloaded: level_3_sites/csv/hour/NUK_N_hour.csv
Downloaded: level_3_sites/csv/hour/NUK_P_hour.csv
Downloaded: level_3_sites/csv/hour/NUK_U_hour.csv
Downloaded: level_3_sites/csv/hour/ORO_hour.csv
Downloaded: level_3_sites/csv/hour/QAS_A_hour.csv
Downloaded: level_3_sites/csv/hour/QAS_L_hour.csv
Downloaded: level_3_sites/csv/hour/QAS_M_hour.csv
Downloaded: level_3_sites/csv/hour/QAS_U_hour.csv
Downloaded: level_3_sites/csv/hour/RED_L_hour.csv
Downloaded: level_3_sites/csv/hour/SCO_L_hour.csv
Downloaded: level_3_sites/csv/hour/SCO_U_hour.csv
Downloaded: level_3_sites/csv/hour/SDL_hour.csv
Downloaded: level_3_sites/csv/hour/SDM_hour.csv
Downloaded: level_3_sites/csv/hour/SER_B_hour.csv
Downloaded: level_3_sites/csv/hour/STA_hour.csv
Downloaded: level_3_sites/csv/hour/SUM_hour.csv
Downloaded: level_3_sites/csv/hour/SWC_hour.csv
Downloaded: level_3_sites/csv/hour/TAS_A_hour.csv
Downloaded: level_3_sites/csv/hour/TAS_L_hour.csv
Downloaded: level_3_sites/csv/hour/TAS_U_hour.csv
Downloaded: level_3_sites/csv/hour/THU_L_hour.csv
Downloaded: level_3_sites/csv/hour/THU_L2_hour.csv
Downloaded: level_3_sites/csv/hour/THU_U_hour.csv
Downloaded: level_3_sites/csv/hour/TUN_hour.csv
Downloaded: level_3_sites/csv/hour/UPE_L_hour.csv
Downloaded: level_3_sites/csv/hour/UPE_U_hour.csv
Downloaded: level_3_sites/csv/hour/UWN_hour.csv
Downloaded: level_3_sites/csv/hour/WEG_B_hour.csv
Downloaded: level_3_sites/csv/hour/WEG_L_hour.csv
Downloaded: level_3_sites/csv/hour/ZAC_A_hour.csv
Downloaded: level_3_sites/csv/hour/ZAC_L_hour.csv
Downloaded: level_3_sites/csv/hour/ZAC_U_hour.csv
[2/4] Resolve latest Dataverse version for doi:10.22008/FK2/IW73UU
Latest version: 39.0 -> /media/ice/Baptiste/geussnow01/dataverse/V39
CSV files in /media/ice/Baptiste/geussnow01/dataverse/V39: 162
[3/4] Download CSVs if needed
CSV files in /media/ice/Baptiste/geussnow01/dataverse/V39: 162
Dataverse folder looks OK; skipping download.
[4/5] Run diagnostics + commit/push
Auto packing the repository in background for optimum performance.
See "git help gc" for manual housekeeping.
Auto packing the repository in background for optimum performance.
See "git help gc" for manual housekeeping.
Already up to date.
# Comparison of data thredds to V39 (old).
## CEN
/mnt/ice/Baptiste/geussnow01/dataverse//V39/month/CEN_month.csv
Variables in new file:
p_u, p_l, t_u, t_l, rh_u, rh_u_wrt_ice_or_water, qh_u, rh_l, rh_l_wrt_ice_or_water, qh_l, wspd_u, wspd_l, wdir_u, wdir_l, wspd_x_u, wspd_y_u, wspd_x_l, wspd_y_l, dsr, dsr_cor, usr, usr_cor, albedo, dlr, ulr, cc, t_surf, dlhf_u, dlhf_l, dshf_u, dshf_l, z_boom_u, z_boom_cor_u, z_boom_l, z_boom_cor_l, z_stake, z_stake_cor, z_surf_combined, snow_height, rainfall_u, rainfall_cor_u, rainfall_l, rainfall_cor_l, t_i_1, t_i_2, t_i_3, t_i_4, t_i_5, t_i_6, t_i_7, t_i_8, t_i_9, t_i_10, t_i_11, d_t_i_1, d_t_i_2, d_t_i_3, d_t_i_4, d_t_i_5, d_t_i_6, d_t_i_7, d_t_i_8, d_t_i_9, d_t_i_10, d_t_i_11, t_i_10m, tilt_x, tilt_y, rot_magnetic, rot_true, gps_lat, gps_lon, gps_alt, lat, lon, alt, batt_v, t_rad

New variables not in old files:


Old variables removed from new files:

 
![CEN](../figures/version_comparisons/V39_versus_thredds_month/CEN_0.png)
![CEN](../figures/version_comparisons/V39_versus_thredds_month/CEN_1.png)
![CEN](../figures/version_comparisons/V39_versus_thredds_month/CEN_2.png)
![CEN](../figures/version_comparisons/V39_versus_thredds_month/CEN_3.png)
![CEN](../figures/version_comparisons/V39_versus_thredds_month/CEN_4.png)
![CEN](../figures/version_comparisons/V39_versus_thredds_month/CEN_5.png)
![CEN](../figures/version_comparisons/V39_versus_thredds_month/CEN_6.png)
![CEN](../figures/version_comparisons/V39_versus_thredds_month/CEN_7.png)
![CEN](../figures/version_comparisons/V39_versus_thredds_month/CEN_8.png)
![CEN](../figures/version_comparisons/V39_versus_thredds_month/CEN_9.png)
![CEN](../figures/version_comparisons/V39_versus_thredds_month/CEN_10.png)
![CEN](../figures/version_comparisons/V39_versus_thredds_month/CEN_11.png)
![CEN](../figures/version_comparisons/V39_versus_thredds_month/CEN_12.png)
![CEN](../figures/version_comparisons/V39_versus_thredds_month/CEN_13.png)
![CEN](../figures/version_comparisons/V39_versus_thredds_month/CEN_14.png)
![CEN](../figures/version_comparisons/V39_versus_thredds_month/CEN_15.png)
 
## CP1
/mnt/ice/Baptiste/geussnow01/dataverse//V39/month/CP1_month.csv
Variables in new file:
p_u, p_l, t_u, t_l, rh_u, rh_u_wrt_ice_or_water, qh_u, rh_l, rh_l_wrt_ice_or_water, qh_l, wspd_u, wspd_l, wdir_u, wdir_l, wspd_x_u, wspd_y_u, wspd_x_l, wspd_y_l, dsr, dsr_cor, usr, usr_cor, albedo, dlr, ulr, cc, t_surf, dlhf_u, dlhf_l, dshf_u, dshf_l, z_boom_u, z_boom_cor_u, z_boom_l, z_boom_cor_l, z_surf_combined, snow_height, rainfall_u, rainfall_cor_u, rainfall_l, rainfall_cor_l, t_i_1, t_i_2, t_i_3, t_i_4, t_i_5, t_i_6, t_i_7, t_i_8, t_i_9, t_i_10, t_i_11, d_t_i_1, d_t_i_2, d_t_i_3, d_t_i_4, d_t_i_5, d_t_i_6, d_t_i_7, d_t_i_8, d_t_i_9, d_t_i_10, d_t_i_11, t_i_10m, tilt_x, tilt_y, rot_magnetic, rot_true, gps_lat, gps_lon, gps_alt, lat, lon, alt, batt_v, t_rad

New variables not in old files:


Old variables removed from new files:

 
![CP1](../figures/version_comparisons/V39_versus_thredds_month/CP1_0.png)
![CP1](../figures/version_comparisons/V39_versus_thredds_month/CP1_1.png)
![CP1](../figures/version_comparisons/V39_versus_thredds_month/CP1_2.png)
![CP1](../figures/version_comparisons/V39_versus_thredds_month/CP1_3.png)
![CP1](../figures/version_comparisons/V39_versus_thredds_month/CP1_4.png)
![CP1](../figures/version_comparisons/V39_versus_thredds_month/CP1_5.png)
![CP1](../figures/version_comparisons/V39_versus_thredds_month/CP1_6.png)
![CP1](../figures/version_comparisons/V39_versus_thredds_month/CP1_7.png)
![CP1](../figures/version_comparisons/V39_versus_thredds_month/CP1_8.png)
![CP1](../figures/version_comparisons/V39_versus_thredds_month/CP1_9.png)
![CP1](../figures/version_comparisons/V39_versus_thredds_month/CP1_10.png)
![CP1](../figures/version_comparisons/V39_versus_thredds_month/CP1_11.png)
![CP1](../figures/version_comparisons/V39_versus_thredds_month/CP1_12.png)
![CP1](../figures/version_comparisons/V39_versus_thredds_month/CP1_13.png)
![CP1](../figures/version_comparisons/V39_versus_thredds_month/CP1_14.png)
![CP1](../figures/version_comparisons/V39_versus_thredds_month/CP1_15.png)
 
## DY2
/mnt/ice/Baptiste/geussnow01/dataverse//V39/month/DY2_month.csv
Variables in new file:
p_u, p_l, t_u, t_l, rh_u, rh_u_wrt_ice_or_water, qh_u, rh_l, rh_l_wrt_ice_or_water, qh_l, wspd_u, wspd_l, wdir_u, wdir_l, wspd_x_u, wspd_y_u, wspd_x_l, wspd_y_l, dsr, dsr_cor, usr, usr_cor, albedo, dlr, ulr, cc, t_surf, dlhf_u, dlhf_l, dshf_u, dshf_l, z_boom_u, z_boom_cor_u, z_boom_l, z_boom_cor_l, z_surf_combined, snow_height, rainfall_u, rainfall_cor_u, rainfall_l, rainfall_cor_l, t_i_1, t_i_2, t_i_3, t_i_4, t_i_5, t_i_6, t_i_7, t_i_8, t_i_9, t_i_10, t_i_11, d_t_i_1, d_t_i_2, d_t_i_3, d_t_i_4, d_t_i_5, d_t_i_6, d_t_i_7, d_t_i_8, d_t_i_9, d_t_i_10, d_t_i_11, t_i_10m, tilt_x, tilt_y, rot_magnetic, rot_true, gps_lat, gps_lon, gps_alt, lat, lon, alt, batt_v, t_rad

New variables not in old files:


Old variables removed from new files:

 
![DY2](../figures/version_comparisons/V39_versus_thredds_month/DY2_0.png)
![DY2](../figures/version_comparisons/V39_versus_thredds_month/DY2_1.png)
![DY2](../figures/version_comparisons/V39_versus_thredds_month/DY2_2.png)
![DY2](../figures/version_comparisons/V39_versus_thredds_month/DY2_3.png)
![DY2](../figures/version_comparisons/V39_versus_thredds_month/DY2_4.png)
![DY2](../figures/version_comparisons/V39_versus_thredds_month/DY2_5.png)
![DY2](../figures/version_comparisons/V39_versus_thredds_month/DY2_6.png)
![DY2](../figures/version_comparisons/V39_versus_thredds_month/DY2_7.png)
![DY2](../figures/version_comparisons/V39_versus_thredds_month/DY2_8.png)
![DY2](../figures/version_comparisons/V39_versus_thredds_month/DY2_9.png)
![DY2](../figures/version_comparisons/V39_versus_thredds_month/DY2_10.png)
![DY2](../figures/version_comparisons/V39_versus_thredds_month/DY2_11.png)
![DY2](../figures/version_comparisons/V39_versus_thredds_month/DY2_12.png)
![DY2](../figures/version_comparisons/V39_versus_thredds_month/DY2_13.png)
![DY2](../figures/version_comparisons/V39_versus_thredds_month/DY2_14.png)
![DY2](../figures/version_comparisons/V39_versus_thredds_month/DY2_15.png)
 
## EGP
/mnt/ice/Baptiste/geussnow01/dataverse//V39/month/EGP_month.csv
Variables in new file:
p_u, t_u, t_l, rh_u, rh_u_wrt_ice_or_water, qh_u, rh_l, rh_l_wrt_ice_or_water, qh_l, wspd_u, wspd_l, wdir_u, wdir_l, wspd_x_u, wspd_y_u, wspd_x_l, wspd_y_l, dsr, dsr_cor, usr, usr_cor, albedo, dlr, ulr, cc, t_surf, dlhf_u, dshf_u, z_boom_u, z_boom_cor_u, z_boom_l, z_boom_cor_l, z_stake, z_stake_cor, z_surf_combined, snow_height, rainfall_u, rainfall_cor_u, t_i_1, t_i_2, t_i_3, t_i_4, t_i_5, t_i_6, t_i_7, t_i_8, t_i_9, t_i_10, t_i_11, d_t_i_1, d_t_i_2, d_t_i_3, d_t_i_4, d_t_i_5, d_t_i_6, d_t_i_7, d_t_i_8, d_t_i_9, d_t_i_10, d_t_i_11, t_i_10m, tilt_x, tilt_y, rot_magnetic, rot_true, gps_lat, gps_lon, gps_alt, lat, lon, alt, batt_v, t_rad

New variables not in old files:


Old variables removed from new files:

 
![EGP](../figures/version_comparisons/V39_versus_thredds_month/EGP_0.png)
![EGP](../figures/version_comparisons/V39_versus_thredds_month/EGP_1.png)
![EGP](../figures/version_comparisons/V39_versus_thredds_month/EGP_2.png)
![EGP](../figures/version_comparisons/V39_versus_thredds_month/EGP_3.png)
![EGP](../figures/version_comparisons/V39_versus_thredds_month/EGP_4.png)
![EGP](../figures/version_comparisons/V39_versus_thredds_month/EGP_5.png)
![EGP](../figures/version_comparisons/V39_versus_thredds_month/EGP_6.png)
![EGP](../figures/version_comparisons/V39_versus_thredds_month/EGP_7.png)
![EGP](../figures/version_comparisons/V39_versus_thredds_month/EGP_8.png)
![EGP](../figures/version_comparisons/V39_versus_thredds_month/EGP_9.png)
![EGP](../figures/version_comparisons/V39_versus_thredds_month/EGP_10.png)
![EGP](../figures/version_comparisons/V39_versus_thredds_month/EGP_11.png)
![EGP](../figures/version_comparisons/V39_versus_thredds_month/EGP_12.png)
![EGP](../figures/version_comparisons/V39_versus_thredds_month/EGP_13.png)
![EGP](../figures/version_comparisons/V39_versus_thredds_month/EGP_14.png)
 
## FRE
/mnt/ice/Baptiste/geussnow01/dataverse//V39/month/FRE_month.csv
Variables in new file:
p_u, t_u, rh_u, rh_u_wrt_ice_or_water, qh_u, wspd_u, wdir_u, wspd_x_u, wspd_y_u, dsr, dsr_cor, usr, usr_cor, albedo, dlr, ulr, cc, t_surf, dlhf_u, dshf_u, z_boom_u, z_boom_cor_u, z_stake, z_stake_cor, z_pt, z_pt_cor, z_surf_combined, z_ice_surf, snow_height, t_i_1, t_i_2, t_i_3, t_i_4, t_i_5, t_i_6, t_i_7, t_i_8, d_t_i_1, d_t_i_2, d_t_i_3, d_t_i_4, d_t_i_5, d_t_i_6, d_t_i_7, d_t_i_8, t_i_10m, tilt_x, tilt_y, rot_true, gps_lat, gps_lon, gps_alt, lat, lon, alt, batt_v, t_rad

New variables not in old files:


Old variables removed from new files:

 
![FRE](../figures/version_comparisons/V39_versus_thredds_month/FRE_0.png)
![FRE](../figures/version_comparisons/V39_versus_thredds_month/FRE_1.png)
![FRE](../figures/version_comparisons/V39_versus_thredds_month/FRE_2.png)
![FRE](../figures/version_comparisons/V39_versus_thredds_month/FRE_3.png)
![FRE](../figures/version_comparisons/V39_versus_thredds_month/FRE_4.png)
![FRE](../figures/version_comparisons/V39_versus_thredds_month/FRE_5.png)
![FRE](../figures/version_comparisons/V39_versus_thredds_month/FRE_6.png)
![FRE](../figures/version_comparisons/V39_versus_thredds_month/FRE_7.png)
![FRE](../figures/version_comparisons/V39_versus_thredds_month/FRE_8.png)
![FRE](../figures/version_comparisons/V39_versus_thredds_month/FRE_9.png)
![FRE](../figures/version_comparisons/V39_versus_thredds_month/FRE_10.png)
![FRE](../figures/version_comparisons/V39_versus_thredds_month/FRE_11.png)
 
## HUM
/mnt/ice/Baptiste/geussnow01/dataverse//V39/month/HUM_month.csv
Variables in new file:
p_u, p_l, t_u, t_l, rh_u, rh_u_wrt_ice_or_water, qh_u, rh_l, rh_l_wrt_ice_or_water, qh_l, wspd_u, wspd_l, wdir_u, wdir_l, wspd_x_u, wspd_y_u, wspd_x_l, wspd_y_l, dsr, dsr_cor, usr, usr_cor, albedo, dlr, ulr, cc, t_surf, dlhf_u, dlhf_l, dshf_u, dshf_l, z_boom_u, z_boom_cor_u, z_boom_l, z_boom_cor_l, z_surf_combined, snow_height, rainfall_u, rainfall_cor_u, rainfall_l, rainfall_cor_l, t_i_1, t_i_2, t_i_3, t_i_4, t_i_5, t_i_6, t_i_7, t_i_8, t_i_9, t_i_10, t_i_11, d_t_i_1, d_t_i_2, d_t_i_3, d_t_i_4, d_t_i_5, d_t_i_6, d_t_i_7, d_t_i_8, d_t_i_9, d_t_i_10, d_t_i_11, t_i_10m, tilt_x, tilt_y, rot_magnetic, rot_true, gps_lat, gps_lon, gps_alt, lat, lon, alt, batt_v, t_rad

New variables not in old files:


Old variables removed from new files:

 
![HUM](../figures/version_comparisons/V39_versus_thredds_month/HUM_0.png)
![HUM](../figures/version_comparisons/V39_versus_thredds_month/HUM_1.png)
![HUM](../figures/version_comparisons/V39_versus_thredds_month/HUM_2.png)
![HUM](../figures/version_comparisons/V39_versus_thredds_month/HUM_3.png)
![HUM](../figures/version_comparisons/V39_versus_thredds_month/HUM_4.png)
![HUM](../figures/version_comparisons/V39_versus_thredds_month/HUM_5.png)
![HUM](../figures/version_comparisons/V39_versus_thredds_month/HUM_6.png)
![HUM](../figures/version_comparisons/V39_versus_thredds_month/HUM_7.png)
![HUM](../figures/version_comparisons/V39_versus_thredds_month/HUM_8.png)
![HUM](../figures/version_comparisons/V39_versus_thredds_month/HUM_9.png)
![HUM](../figures/version_comparisons/V39_versus_thredds_month/HUM_10.png)
![HUM](../figures/version_comparisons/V39_versus_thredds_month/HUM_11.png)
![HUM](../figures/version_comparisons/V39_versus_thredds_month/HUM_12.png)
![HUM](../figures/version_comparisons/V39_versus_thredds_month/HUM_13.png)
![HUM](../figures/version_comparisons/V39_versus_thredds_month/HUM_14.png)
![HUM](../figures/version_comparisons/V39_versus_thredds_month/HUM_15.png)
 
## JAR
/mnt/ice/Baptiste/geussnow01/dataverse//V39/month/JAR_month.csv
Variables in new file:
p_u, t_u, t_l, rh_u, rh_u_wrt_ice_or_water, qh_u, rh_l, rh_l_wrt_ice_or_water, qh_l, wspd_u, wspd_l, wdir_u, wdir_l, wspd_x_u, wspd_y_u, wspd_x_l, wspd_y_l, dsr, dsr_cor, usr, usr_cor, albedo, dlr, ulr, cc, t_surf, dlhf_u, dshf_u, z_boom_u, z_boom_cor_u, z_boom_cor_l, z_stake, z_stake_cor, z_pt, z_pt_cor, z_surf_combined, z_ice_surf, snow_height, rainfall_u, rainfall_cor_u, t_i_1, t_i_2, t_i_3, t_i_4, t_i_5, t_i_6, t_i_7, t_i_8, t_i_9, t_i_10, d_t_i_1, d_t_i_2, d_t_i_3, d_t_i_4, d_t_i_5, d_t_i_6, d_t_i_7, d_t_i_8, d_t_i_9, d_t_i_10, t_i_10m, tilt_x, tilt_y, rot_magnetic, rot_true, gps_lat, gps_lon, gps_alt, lat, lon, alt, batt_v, t_rad

New variables not in old files:


Old variables removed from new files:

 
![JAR](../figures/version_comparisons/V39_versus_thredds_month/JAR_0.png)
![JAR](../figures/version_comparisons/V39_versus_thredds_month/JAR_1.png)
![JAR](../figures/version_comparisons/V39_versus_thredds_month/JAR_2.png)
![JAR](../figures/version_comparisons/V39_versus_thredds_month/JAR_3.png)
![JAR](../figures/version_comparisons/V39_versus_thredds_month/JAR_4.png)
![JAR](../figures/version_comparisons/V39_versus_thredds_month/JAR_5.png)
![JAR](../figures/version_comparisons/V39_versus_thredds_month/JAR_6.png)
![JAR](../figures/version_comparisons/V39_versus_thredds_month/JAR_7.png)
![JAR](../figures/version_comparisons/V39_versus_thredds_month/JAR_8.png)
![JAR](../figures/version_comparisons/V39_versus_thredds_month/JAR_9.png)
![JAR](../figures/version_comparisons/V39_versus_thredds_month/JAR_10.png)
![JAR](../figures/version_comparisons/V39_versus_thredds_month/JAR_11.png)
![JAR](../figures/version_comparisons/V39_versus_thredds_month/JAR_12.png)
![JAR](../figures/version_comparisons/V39_versus_thredds_month/JAR_13.png)
![JAR](../figures/version_comparisons/V39_versus_thredds_month/JAR_14.png)
 
## KAN_B
/mnt/ice/Baptiste/geussnow01/dataverse//V39/month/KAN_B_month.csv
Variables in new file:
p_u, t_u, rh_u, rh_u_wrt_ice_or_water, qh_u, wspd_u, wdir_u, wspd_x_u, wspd_y_u, dsr, usr, albedo, dlr, ulr, t_surf, z_boom_u, z_boom_cor_u, z_surf_combined, snow_height, rot_true, lat, lon, alt, batt_v, t_rad

New variables not in old files:


Old variables removed from new files:

 
![KAN_B](../figures/version_comparisons/V39_versus_thredds_month/KAN_B_0.png)
![KAN_B](../figures/version_comparisons/V39_versus_thredds_month/KAN_B_1.png)
![KAN_B](../figures/version_comparisons/V39_versus_thredds_month/KAN_B_2.png)
![KAN_B](../figures/version_comparisons/V39_versus_thredds_month/KAN_B_3.png)
![KAN_B](../figures/version_comparisons/V39_versus_thredds_month/KAN_B_4.png)
 
## KAN_L
/mnt/ice/Baptiste/geussnow01/dataverse//V39/month/KAN_L_month.csv
Variables in new file:
p_u, t_u, rh_u, rh_u_wrt_ice_or_water, qh_u, wspd_u, wdir_u, wspd_x_u, wspd_y_u, dsr, dsr_cor, usr, usr_cor, albedo, dlr, ulr, cc, t_surf, dlhf_u, dshf_u, z_boom_u, z_boom_cor_u, z_stake, z_stake_cor, z_pt, z_pt_cor, z_surf_combined, z_ice_surf, snow_height, rainfall_u, rainfall_cor_u, t_i_1, t_i_2, t_i_3, t_i_4, t_i_5, t_i_6, t_i_7, t_i_8, d_t_i_1, d_t_i_2, d_t_i_3, d_t_i_4, d_t_i_5, d_t_i_6, d_t_i_7, d_t_i_8, t_i_10m, tilt_x, tilt_y, rot_magnetic, rot_true, gps_lat, gps_lon, gps_alt, lat, lon, alt, batt_v, t_rad

New variables not in old files:


Old variables removed from new files:

 
![KAN_L](../figures/version_comparisons/V39_versus_thredds_month/KAN_L_0.png)
![KAN_L](../figures/version_comparisons/V39_versus_thredds_month/KAN_L_1.png)
![KAN_L](../figures/version_comparisons/V39_versus_thredds_month/KAN_L_2.png)
![KAN_L](../figures/version_comparisons/V39_versus_thredds_month/KAN_L_3.png)
![KAN_L](../figures/version_comparisons/V39_versus_thredds_month/KAN_L_4.png)
![KAN_L](../figures/version_comparisons/V39_versus_thredds_month/KAN_L_5.png)
![KAN_L](../figures/version_comparisons/V39_versus_thredds_month/KAN_L_6.png)
![KAN_L](../figures/version_comparisons/V39_versus_thredds_month/KAN_L_7.png)
![KAN_L](../figures/version_comparisons/V39_versus_thredds_month/KAN_L_8.png)
![KAN_L](../figures/version_comparisons/V39_versus_thredds_month/KAN_L_9.png)
![KAN_L](../figures/version_comparisons/V39_versus_thredds_month/KAN_L_10.png)
![KAN_L](../figures/version_comparisons/V39_versus_thredds_month/KAN_L_11.png)
 
## KAN_M
/mnt/ice/Baptiste/geussnow01/dataverse//V39/month/KAN_M_month.csv
Variables in new file:
p_u, t_u, rh_u, rh_u_wrt_ice_or_water, qh_u, wspd_u, wdir_u, wspd_x_u, wspd_y_u, dsr, dsr_cor, usr, usr_cor, albedo, dlr, ulr, cc, t_surf, dlhf_u, dshf_u, z_boom_u, z_boom_cor_u, z_stake, z_stake_cor, z_pt, z_pt_cor, z_surf_combined, z_ice_surf, snow_height, t_i_1, t_i_2, t_i_3, t_i_4, t_i_5, t_i_6, t_i_7, t_i_8, d_t_i_1, d_t_i_2, d_t_i_3, d_t_i_4, d_t_i_5, d_t_i_6, d_t_i_7, d_t_i_8, t_i_10m, tilt_x, tilt_y, rot_true, gps_lat, gps_lon, gps_alt, lat, lon, alt, batt_v, t_rad

New variables not in old files:


Old variables removed from new files:

 
![KAN_M](../figures/version_comparisons/V39_versus_thredds_month/KAN_M_0.png)
![KAN_M](../figures/version_comparisons/V39_versus_thredds_month/KAN_M_1.png)
![KAN_M](../figures/version_comparisons/V39_versus_thredds_month/KAN_M_2.png)
![KAN_M](../figures/version_comparisons/V39_versus_thredds_month/KAN_M_3.png)
![KAN_M](../figures/version_comparisons/V39_versus_thredds_month/KAN_M_4.png)
![KAN_M](../figures/version_comparisons/V39_versus_thredds_month/KAN_M_5.png)
![KAN_M](../figures/version_comparisons/V39_versus_thredds_month/KAN_M_6.png)
![KAN_M](../figures/version_comparisons/V39_versus_thredds_month/KAN_M_7.png)
![KAN_M](../figures/version_comparisons/V39_versus_thredds_month/KAN_M_8.png)
![KAN_M](../figures/version_comparisons/V39_versus_thredds_month/KAN_M_9.png)
![KAN_M](../figures/version_comparisons/V39_versus_thredds_month/KAN_M_10.png)
![KAN_M](../figures/version_comparisons/V39_versus_thredds_month/KAN_M_11.png)
 
## KAN_T
/mnt/ice/Baptiste/geussnow01/dataverse//V39/month/KAN_T_month.csv
Variables in new file:
p_u, t_u, rh_u, rh_u_wrt_ice_or_water, qh_u, wspd_u, wdir_u, wspd_x_u, wspd_y_u, dsr, dsr_cor, usr, usr_cor, albedo, dlr, ulr, cc, t_surf, dlhf_u, dshf_u, z_boom_u, z_boom_cor_u, z_stake, z_stake_cor, z_pt, z_pt_cor, z_surf_combined, z_ice_surf, snow_height, rainfall_u, rainfall_cor_u, t_i_1, t_i_2, t_i_3, t_i_4, t_i_5, t_i_6, t_i_7, t_i_8, d_t_i_1, d_t_i_2, d_t_i_3, d_t_i_4, d_t_i_5, d_t_i_6, d_t_i_7, d_t_i_8, tilt_x, tilt_y, rot_magnetic, rot_true, gps_lat, gps_lon, gps_alt, lat, lon, alt, batt_v, t_rad

New variables not in old files:


Old variables removed from new files:

 
![KAN_T](../figures/version_comparisons/V39_versus_thredds_month/KAN_T_0.png)
![KAN_T](../figures/version_comparisons/V39_versus_thredds_month/KAN_T_1.png)
![KAN_T](../figures/version_comparisons/V39_versus_thredds_month/KAN_T_2.png)
![KAN_T](../figures/version_comparisons/V39_versus_thredds_month/KAN_T_3.png)
![KAN_T](../figures/version_comparisons/V39_versus_thredds_month/KAN_T_4.png)
![KAN_T](../figures/version_comparisons/V39_versus_thredds_month/KAN_T_5.png)
![KAN_T](../figures/version_comparisons/V39_versus_thredds_month/KAN_T_6.png)
![KAN_T](../figures/version_comparisons/V39_versus_thredds_month/KAN_T_7.png)
![KAN_T](../figures/version_comparisons/V39_versus_thredds_month/KAN_T_8.png)
![KAN_T](../figures/version_comparisons/V39_versus_thredds_month/KAN_T_9.png)
![KAN_T](../figures/version_comparisons/V39_versus_thredds_month/KAN_T_10.png)
![KAN_T](../figures/version_comparisons/V39_versus_thredds_month/KAN_T_11.png)