[1/4] Run thredds_download.py
Traceback (most recent call last):
  File "/home/bav/miniforge3/envs/bav/lib/python3.10/site-packages/urllib3/connectionpool.py", line 464, in _make_request
    self._validate_conn(conn)
  File "/home/bav/miniforge3/envs/bav/lib/python3.10/site-packages/urllib3/connectionpool.py", line 1093, in _validate_conn
    conn.connect()
  File "/home/bav/miniforge3/envs/bav/lib/python3.10/site-packages/urllib3/connection.py", line 796, in connect
    sock_and_verified = _ssl_wrap_socket_and_match_hostname(
  File "/home/bav/miniforge3/envs/bav/lib/python3.10/site-packages/urllib3/connection.py", line 975, in _ssl_wrap_socket_and_match_hostname
    ssl_sock = ssl_wrap_socket(
  File "/home/bav/miniforge3/envs/bav/lib/python3.10/site-packages/urllib3/util/ssl_.py", line 483, in ssl_wrap_socket
    ssl_sock = _ssl_wrap_socket_impl(sock, context, tls_in_tls, server_hostname)
  File "/home/bav/miniforge3/envs/bav/lib/python3.10/site-packages/urllib3/util/ssl_.py", line 527, in _ssl_wrap_socket_impl
    return ssl_context.wrap_socket(sock, server_hostname=server_hostname)
  File "/home/bav/miniforge3/envs/bav/lib/python3.10/ssl.py", line 513, in wrap_socket
    return self.sslsocket_class._create(
  File "/home/bav/miniforge3/envs/bav/lib/python3.10/ssl.py", line 1104, in _create
    self.do_handshake()
  File "/home/bav/miniforge3/envs/bav/lib/python3.10/ssl.py", line 1375, in do_handshake
    self._sslobj.do_handshake()
ssl.SSLCertVerificationError: [SSL: CERTIFICATE_VERIFY_FAILED] certificate verify failed: certificate has expired (_ssl.c:1017)

During handling of the above exception, another exception occurred:

Traceback (most recent call last):
  File "/home/bav/miniforge3/envs/bav/lib/python3.10/site-packages/urllib3/connectionpool.py", line 787, in urlopen
    response = self._make_request(
  File "/home/bav/miniforge3/envs/bav/lib/python3.10/site-packages/urllib3/connectionpool.py", line 488, in _make_request
    raise new_e
urllib3.exceptions.SSLError: [SSL: CERTIFICATE_VERIFY_FAILED] certificate verify failed: certificate has expired (_ssl.c:1017)

The above exception was the direct cause of the following exception:

Traceback (most recent call last):
  File "/home/bav/miniforge3/envs/bav/lib/python3.10/site-packages/requests/adapters.py", line 644, in send
    resp = conn.urlopen(
  File "/home/bav/miniforge3/envs/bav/lib/python3.10/site-packages/urllib3/connectionpool.py", line 841, in urlopen
    retries = retries.increment(
  File "/home/bav/miniforge3/envs/bav/lib/python3.10/site-packages/urllib3/util/retry.py", line 535, in increment
    raise MaxRetryError(_pool, url, reason) from reason  # type: ignore[arg-type]
urllib3.exceptions.MaxRetryError: HTTPSConnectionPool(host='thredds.geus.dk', port=443): Max retries exceeded with url: /thredds/fileServer/aws/metadata/AWS_sites_metadata.csv (Caused by SSLError(SSLCertVerificationError(1, '[SSL: CERTIFICATE_VERIFY_FAILED] certificate verify failed: certificate has expired (_ssl.c:1017)')))

During handling of the above exception, another exception occurred:

Traceback (most recent call last):
  File "/media/ice/Baptiste/geussnow01/thredds-data/thredds_download.py", line 72, in <module>
    main(time_resolution=t,
  File "/media/ice/Baptiste/geussnow01/thredds-data/thredds_download.py", line 41, in main
    download_file(metadata_url, metadata_path)
  File "/media/ice/Baptiste/geussnow01/thredds-data/thredds_download.py", line 8, in download_file
    response = requests.get(url, stream=True)
  File "/home/bav/miniforge3/envs/bav/lib/python3.10/site-packages/requests/api.py", line 73, in get
    return request("get", url, params=params, **kwargs)
  File "/home/bav/miniforge3/envs/bav/lib/python3.10/site-packages/requests/api.py", line 59, in request
    return session.request(method=method, url=url, **kwargs)
  File "/home/bav/miniforge3/envs/bav/lib/python3.10/site-packages/requests/sessions.py", line 589, in request
    resp = self.send(prep, **send_kwargs)
  File "/home/bav/miniforge3/envs/bav/lib/python3.10/site-packages/requests/sessions.py", line 703, in send
    r = adapter.send(request, **kwargs)
  File "/home/bav/miniforge3/envs/bav/lib/python3.10/site-packages/requests/adapters.py", line 675, in send
    raise SSLError(e, request=request)
requests.exceptions.SSLError: HTTPSConnectionPool(host='thredds.geus.dk', port=443): Max retries exceeded with url: /thredds/fileServer/aws/metadata/AWS_sites_metadata.csv (Caused by SSLError(SSLCertVerificationError(1, '[SSL: CERTIFICATE_VERIFY_FAILED] certificate verify failed: certificate has expired (_ssl.c:1017)')))
