NAU

 ======== test get_l2 ========= 

2026-02-10 16:10:57,079; DEBUG; pypromice.pipeline.aws; AWS(config_file=../aws-l0//tx/config/NAU.toml, inpath=../aws-l0//tx/, data_issues_repository=../PROMICE-AWS-data-issues, var_file=None, meta_file=None)
2026-02-10 16:10:57,140; DEBUG; pypromice.pipeline.aws; Source information: {'pypromice': '1.5.1', 'l0_config_file': 'NAU.toml:4bdadcfd32851bd1d43433658ee1f333a340ed01', 'l0_data_root': '4bdadcfd32851bd1d43433658ee1f333a340ed01', 'data_issues': 'a469096a07c8232cfb9c3d702402eeec79075bfb'}
2026-02-10 16:10:57,162; INFO; pypromice.io.ingest.l0; Detected L0 file type 'csv_default' for ../aws-l0/tx/NAU_300534062927000_1.txt
2026-02-10 16:10:57,310; INFO; pypromice.io.ingest.l0; L0 data successfully loaded from NAU_300534062927000_1.txt
2026-02-10 16:10:57,311; INFO; pypromice.io.ingest.l0; Detected L0 file type 'csv_default' for ../aws-l0/tx/NAU_300234061165160_2.txt
2026-02-10 16:10:57,338; INFO; pypromice.io.ingest.l0; Detected L0 file type 'csv_default' for ../aws-l0/tx/NAU_300234061165160_2.txt
2026-02-10 16:10:57,404; INFO; pypromice.io.ingest.l0; L0 data successfully loaded from NAU_300234061165160_2.txt
2026-02-10 16:10:57,417; INFO; pypromice.pipeline.aws; Level 1 processing...
2026-02-10 16:10:58,807; INFO; pypromice.pipeline.aws; Level 2 processing...
2026-02-10 16:10:59,832; DEBUG; pypromice.core.qc.persistence; Running persistence_qc using {'t_i': {'max_diff': 0.0001, 'period': 2}, 't_u': {'max_diff': 0.0001, 'period': 2}, 't_l': {'max_diff': 0.0001, 'period': 2}, 'p_i': {'max_diff': 0.0001, 'period': 3}, 'p_u': {'max_diff': 0.0001, 'period': 150}, 'p_l': {'max_diff': 0.0001, 'period': 150}, 'gps_lat_lon': {'max_diff': 1e-06, 'period': 6}, 'gps_alt': {'max_diff': 0.0001, 'period': 6}, 't_rad': {'max_diff': 0.0001, 'period': 2}, 'rh_i': {'max_diff': 0.0001, 'period': 2}, 'rh_u': {'max_diff': 0.0001, 'period': 2}, 'rh_l': {'max_diff': 0.0001, 'period': 2}, 'wspd_i': {'max_diff': 0.0001, 'period': 6}, 'wspd_u': {'max_diff': 0.0001, 'period': 6}, 'wspd_l': {'max_diff': 0.0001, 'period': 6}}
2026-02-10 16:11:00,683; INFO; pypromice.core.qc.rate_of_change_filter; ROC filter on p_u (tol=1.0, factor=2.0): filtering 24/22760
2026-02-10 16:11:01,013; INFO; pypromice.core.qc.rate_of_change_filter; ROC filter on p_u (tol=1.0, factor=2.0): filtering 21/22760
2026-02-10 16:11:01,050; INFO; pypromice.core.qc.rate_of_change_filter; ROC filter on t_l (tol=3.0, factor=2.2): filtering 12/22760
2026-02-10 16:11:01,362; INFO; pypromice.core.qc.rate_of_change_filter; ROC filter on t_l (tol=3.0, factor=2.2): filtering 15/22760
2026-02-10 16:11:01,399; INFO; pypromice.core.qc.rate_of_change_filter; ROC filter on t_u (tol=3.0, factor=2.2): filtering 12/22760
2026-02-10 16:11:01,714; INFO; pypromice.core.qc.rate_of_change_filter; ROC filter on t_u (tol=3.0, factor=2.2): filtering 22/22760
2026-02-10 16:11:01,751; INFO; pypromice.core.qc.rate_of_change_filter; ROC filter on rh_l (tol=2.0, factor=3.5): filtering 13/22760
2026-02-10 16:11:02,065; INFO; pypromice.core.qc.rate_of_change_filter; ROC filter on rh_l (tol=2.0, factor=3.5): filtering 15/22760
2026-02-10 16:11:02,102; INFO; pypromice.core.qc.rate_of_change_filter; ROC filter on rh_u (tol=2.0, factor=3.5): filtering 8/22760
2026-02-10 16:11:02,418; INFO; pypromice.core.qc.rate_of_change_filter; ROC filter on rh_u (tol=2.0, factor=3.5): filtering 15/22760
2026-02-10 16:11:02,456; INFO; pypromice.core.qc.rate_of_change_filter; ROC filter on wspd_l (tol=0.5, factor=2.0): filtering 3/22760
2026-02-10 16:11:02,770; INFO; pypromice.core.qc.rate_of_change_filter; ROC filter on wspd_l (tol=0.5, factor=2.0): filtering 0/22760
2026-02-10 16:11:02,807; INFO; pypromice.core.qc.rate_of_change_filter; ROC filter on wspd_u (tol=0.5, factor=2.0): filtering 4/22760
2026-02-10 16:11:03,120; INFO; pypromice.core.qc.rate_of_change_filter; ROC filter on wspd_u (tol=0.5, factor=2.0): filtering 0/22760
2026-02-10 16:11:03,145; INFO; pypromice.core.qc.rate_of_change_filter; ROC filter on t_i_1 (tol=0.5, factor=1.5): filtering 1/22760
2026-02-10 16:11:03,448; INFO; pypromice.core.qc.rate_of_change_filter; ROC filter on t_i_1 (tol=0.5, factor=1.5): filtering 0/22760
2026-02-10 16:11:03,481; INFO; pypromice.core.qc.rate_of_change_filter; ROC filter on t_i_2 (tol=0.5, factor=1.5): filtering 1/22760
2026-02-10 16:11:03,793; INFO; pypromice.core.qc.rate_of_change_filter; ROC filter on t_i_2 (tol=0.5, factor=1.5): filtering 0/22760
2026-02-10 16:11:03,827; INFO; pypromice.core.qc.rate_of_change_filter; ROC filter on t_i_3 (tol=0.5, factor=1.5): filtering 3/22760
2026-02-10 16:11:04,135; INFO; pypromice.core.qc.rate_of_change_filter; ROC filter on t_i_3 (tol=0.5, factor=1.5): filtering 0/22760
2026-02-10 16:11:04,169; INFO; pypromice.core.qc.rate_of_change_filter; ROC filter on t_i_4 (tol=0.5, factor=1.5): filtering 2/22760
2026-02-10 16:11:04,484; INFO; pypromice.core.qc.rate_of_change_filter; ROC filter on t_i_4 (tol=0.5, factor=1.5): filtering 0/22760
2026-02-10 16:11:04,518; INFO; pypromice.core.qc.rate_of_change_filter; ROC filter on t_i_5 (tol=0.5, factor=1.5): filtering 1/22760
2026-02-10 16:11:04,829; INFO; pypromice.core.qc.rate_of_change_filter; ROC filter on t_i_5 (tol=0.5, factor=1.5): filtering 0/22760
2026-02-10 16:11:04,863; INFO; pypromice.core.qc.rate_of_change_filter; ROC filter on t_i_6 (tol=0.5, factor=1.5): filtering 3/22760
2026-02-10 16:11:05,175; INFO; pypromice.core.qc.rate_of_change_filter; ROC filter on t_i_6 (tol=0.5, factor=1.5): filtering 2/22760
2026-02-10 16:11:05,208; INFO; pypromice.core.qc.rate_of_change_filter; ROC filter on t_i_7 (tol=0.5, factor=1.5): filtering 1/22760
2026-02-10 16:11:05,523; INFO; pypromice.core.qc.rate_of_change_filter; ROC filter on t_i_7 (tol=0.5, factor=1.5): filtering 0/22760
2026-02-10 16:11:05,557; INFO; pypromice.core.qc.rate_of_change_filter; ROC filter on t_i_8 (tol=0.5, factor=1.5): filtering 3/22760
2026-02-10 16:11:05,869; INFO; pypromice.core.qc.rate_of_change_filter; ROC filter on t_i_8 (tol=0.5, factor=1.5): filtering 2/22760
2026-02-10 16:11:05,903; INFO; pypromice.core.qc.rate_of_change_filter; ROC filter on t_i_9 (tol=0.5, factor=1.5): filtering 2/22760
2026-02-10 16:11:06,217; INFO; pypromice.core.qc.rate_of_change_filter; ROC filter on t_i_9 (tol=0.5, factor=1.5): filtering 0/22760
2026-02-10 16:11:06,240; INFO; pypromice.core.qc.rate_of_change_filter; ROC filter on t_i_10 (tol=0.5, factor=1.5): filtering 1/22760
2026-02-10 16:11:06,570; INFO; pypromice.core.qc.rate_of_change_filter; ROC filter on t_i_10 (tol=0.5, factor=1.5): filtering 0/22760
2026-02-10 16:11:06,600; INFO; pypromice.core.qc.rate_of_change_filter; ROC filter on p_l (tol=1.0, factor=2.0): filtering 20/22760
2026-02-10 16:11:06,914; INFO; pypromice.core.qc.rate_of_change_filter; ROC filter on p_l (tol=1.0, factor=2.0): filtering 26/22760
2026-02-10 16:11:06,951; INFO; pypromice.core.qc.rate_of_change_filter; ROC filter on p_i (tol=1.0, factor=2.0): filtering 10/22760
2026-02-10 16:11:07,267; INFO; pypromice.core.qc.rate_of_change_filter; ROC filter on p_i (tol=1.0, factor=2.0): filtering 15/22760
2026-02-10 16:11:07,304; INFO; pypromice.core.qc.rate_of_change_filter; ROC filter on t_i (tol=3.0, factor=2.2): filtering 3/22760
2026-02-10 16:11:07,618; INFO; pypromice.core.qc.rate_of_change_filter; ROC filter on t_i (tol=3.0, factor=2.2): filtering 0/22760
2026-02-10 16:11:07,655; INFO; pypromice.core.qc.rate_of_change_filter; ROC filter on rh_i (tol=2.0, factor=3.5): filtering 3/22760
2026-02-10 16:11:07,966; INFO; pypromice.core.qc.rate_of_change_filter; ROC filter on rh_i (tol=2.0, factor=3.5): filtering 0/22760
2026-02-10 16:11:08,004; INFO; pypromice.core.qc.rate_of_change_filter; ROC filter on wspd_i (tol=0.5, factor=2.0): filtering 6/22760
2026-02-10 16:11:08,321; INFO; pypromice.core.qc.rate_of_change_filter; ROC filter on wspd_i (tol=0.5, factor=2.0): filtering 0/22760
2026-02-10 16:11:08,606; INFO; pypromice.core.qc.github_data_issues; Using file: ../PROMICE-AWS-data-issues/adjustments/NAU.csv
2026-02-10 16:11:09,117; INFO; pypromice.core.qc.github_data_issues; Using file: ../PROMICE-AWS-data-issues/flags/NAU.csv
/home/bav/pypromice/src/pypromice/core/qc/github_data_issues.py:47: PerformanceWarning: indexing past lexsort depth may impact performance.
  t0, t1, avar, fval = df.loc[i, ["t0", "t1", "variable", "flag"]]
2026-02-10 16:11:09,153; DEBUG; pypromice.core.qc.github_data_issues; ---> could not flag variable not in dataset
2026-02-10 16:11:09,154; DEBUG; pypromice.core.qc.github_data_issues; ---> could not flag variable not in dataset
2026-02-10 16:11:09,155; DEBUG; pypromice.core.qc.github_data_issues; ---> could not flag variable not in dataset
2026-02-10 16:11:09,156; DEBUG; pypromice.core.qc.github_data_issues; ---> could not flag variable not in dataset
2026-02-10 16:11:09,156; DEBUG; pypromice.core.qc.github_data_issues; ---> could not flag variable not in dataset
2026-02-10 16:11:09,157; DEBUG; pypromice.core.qc.github_data_issues; ---> could not flag variable not in dataset
2026-02-10 16:11:09,158; DEBUG; pypromice.core.qc.github_data_issues; ---> could not flag variable not in dataset
2026-02-10 16:11:09,158; DEBUG; pypromice.core.qc.github_data_issues; ---> could not flag variable not in dataset
2026-02-10 16:11:09,159; DEBUG; pypromice.core.qc.github_data_issues; ---> could not flag variable not in dataset
2026-02-10 16:11:09,160; DEBUG; pypromice.core.qc.github_data_issues; ---> could not flag variable not in dataset
2026-02-10 16:11:09,161; DEBUG; pypromice.core.qc.github_data_issues; ---> could not flag variable not in dataset
2026-02-10 16:11:09,161; DEBUG; pypromice.core.qc.github_data_issues; ---> could not flag variable not in dataset
2026-02-10 16:11:09,162; DEBUG; pypromice.core.qc.github_data_issues; ---> could not flag variable not in dataset
2026-02-10 16:11:09,163; DEBUG; pypromice.core.qc.github_data_issues; ---> could not flag variable not in dataset
2026-02-10 16:11:09,163; DEBUG; pypromice.core.qc.github_data_issues; ---> could not flag variable not in dataset
2026-02-10 16:11:09,164; DEBUG; pypromice.core.qc.github_data_issues; ---> could not flag variable not in dataset
2026-02-10 16:11:09,165; DEBUG; pypromice.core.qc.github_data_issues; ---> could not flag variable not in dataset
2026-02-10 16:11:09,166; DEBUG; pypromice.core.qc.github_data_issues; ---> could not flag variable not in dataset
2026-02-10 16:11:09,166; DEBUG; pypromice.core.qc.github_data_issues; ---> could not flag variable not in dataset
2026-02-10 16:11:09,167; DEBUG; pypromice.core.qc.github_data_issues; ---> could not flag variable not in dataset
2026-02-10 16:11:09,168; DEBUG; pypromice.core.qc.github_data_issues; ---> could not flag variable not in dataset
2026-02-10 16:11:09,168; DEBUG; pypromice.core.qc.github_data_issues; ---> could not flag variable not in dataset
2026-02-10 16:11:09,169; DEBUG; pypromice.core.qc.github_data_issues; ---> could not flag variable not in dataset
2026-02-10 16:11:09,170; DEBUG; pypromice.core.qc.github_data_issues; ---> could not flag variable not in dataset
2026-02-10 16:11:09,171; DEBUG; pypromice.core.qc.github_data_issues; ---> could not flag variable not in dataset
2026-02-10 16:11:09,171; DEBUG; pypromice.core.qc.github_data_issues; ---> could not flag variable not in dataset
2026-02-10 16:11:09,172; DEBUG; pypromice.core.qc.github_data_issues; ---> could not flag variable not in dataset
2026-02-10 16:11:09,173; DEBUG; pypromice.core.qc.github_data_issues; ---> could not flag variable not in dataset
2026-02-10 16:11:09,173; DEBUG; pypromice.core.qc.github_data_issues; ---> could not flag variable not in dataset
2026-02-10 16:11:09,174; DEBUG; pypromice.core.qc.github_data_issues; ---> could not flag variable not in dataset
2026-02-10 16:11:09,175; DEBUG; pypromice.core.qc.github_data_issues; ---> could not flag variable not in dataset
2026-02-10 16:11:09,175; DEBUG; pypromice.core.qc.github_data_issues; ---> could not flag variable not in dataset
2026-02-10 16:11:09,176; DEBUG; pypromice.core.qc.github_data_issues; ---> could not flag variable not in dataset
2026-02-10 16:11:09,177; DEBUG; pypromice.core.qc.github_data_issues; ---> could not flag variable not in dataset
2026-02-10 16:11:09,177; DEBUG; pypromice.core.qc.github_data_issues; ---> could not flag variable not in dataset
2026-02-10 16:11:09,178; DEBUG; pypromice.core.qc.github_data_issues; ---> could not flag variable not in dataset
2026-02-10 16:11:09,179; DEBUG; pypromice.core.qc.github_data_issues; ---> could not flag variable not in dataset
2026-02-10 16:11:09,180; DEBUG; pypromice.core.qc.github_data_issues; ---> could not flag variable not in dataset
2026-02-10 16:11:09,180; DEBUG; pypromice.core.qc.github_data_issues; ---> could not flag variable not in dataset
2026-02-10 16:11:09,181; DEBUG; pypromice.core.qc.github_data_issues; ---> could not flag variable not in dataset
2026-02-10 16:11:09,182; DEBUG; pypromice.core.qc.github_data_issues; ---> could not flag variable not in dataset
2026-02-10 16:11:09,183; DEBUG; pypromice.core.qc.github_data_issues; ---> could not flag variable not in dataset
2026-02-10 16:11:09,183; DEBUG; pypromice.core.qc.github_data_issues; ---> could not flag variable not in dataset
2026-02-10 16:11:09,184; DEBUG; pypromice.core.qc.github_data_issues; ---> could not flag variable not in dataset
2026-02-10 16:11:09,185; DEBUG; pypromice.core.qc.github_data_issues; ---> could not flag variable not in dataset
2026-02-10 16:11:09,186; DEBUG; pypromice.core.qc.github_data_issues; ---> could not flag variable not in dataset
2026-02-10 16:11:09,186; DEBUG; pypromice.core.qc.github_data_issues; ---> could not flag variable not in dataset
2026-02-10 16:11:09,187; DEBUG; pypromice.core.qc.github_data_issues; ---> could not flag variable not in dataset
2026-02-10 16:11:09,188; DEBUG; pypromice.core.qc.github_data_issues; ---> could not flag variable not in dataset
2026-02-10 16:11:09,189; DEBUG; pypromice.core.qc.github_data_issues; ---> could not flag variable not in dataset
2026-02-10 16:11:09,189; DEBUG; pypromice.core.qc.github_data_issues; ---> could not flag variable not in dataset
2026-02-10 16:11:09,190; DEBUG; pypromice.core.qc.github_data_issues; ---> could not flag variable not in dataset
2026-02-10 16:11:09,191; DEBUG; pypromice.core.qc.github_data_issues; ---> could not flag variable not in dataset
2026-02-10 16:11:09,192; DEBUG; pypromice.core.qc.github_data_issues; ---> could not flag variable not in dataset
2026-02-10 16:11:09,193; DEBUG; pypromice.core.qc.github_data_issues; ---> could not flag variable not in dataset
2026-02-10 16:11:09,193; DEBUG; pypromice.core.qc.github_data_issues; ---> could not flag variable not in dataset
2026-02-10 16:11:09,194; DEBUG; pypromice.core.qc.github_data_issues; ---> could not flag variable not in dataset
2026-02-10 16:11:09,195; DEBUG; pypromice.core.qc.github_data_issues; ---> could not flag variable not in dataset
2026-02-10 16:11:09,195; DEBUG; pypromice.core.qc.github_data_issues; ---> could not flag variable not in dataset
2026-02-10 16:11:09,196; DEBUG; pypromice.core.qc.github_data_issues; ---> could not flag variable not in dataset
2026-02-10 16:11:09,197; DEBUG; pypromice.core.qc.github_data_issues; ---> could not flag variable not in dataset
2026-02-10 16:11:09,197; DEBUG; pypromice.core.qc.github_data_issues; ---> could not flag variable not in dataset
2026-02-10 16:11:09,198; DEBUG; pypromice.core.qc.github_data_issues; ---> could not flag variable not in dataset
2026-02-10 16:11:09,199; DEBUG; pypromice.core.qc.github_data_issues; ---> could not flag variable not in dataset
2026-02-10 16:11:09,200; DEBUG; pypromice.core.qc.github_data_issues; ---> could not flag variable not in dataset
2026-02-10 16:11:09,201; DEBUG; pypromice.core.qc.github_data_issues; ---> could not flag variable not in dataset
2026-02-10 16:11:09,202; DEBUG; pypromice.core.qc.github_data_issues; ---> could not flag variable not in dataset
2026-02-10 16:11:09,202; DEBUG; pypromice.core.qc.github_data_issues; ---> could not flag variable not in dataset
2026-02-10 16:11:09,203; DEBUG; pypromice.core.qc.github_data_issues; ---> could not flag variable not in dataset
2026-02-10 16:11:09,204; DEBUG; pypromice.core.qc.github_data_issues; ---> could not flag variable not in dataset
2026-02-10 16:11:09,204; DEBUG; pypromice.core.qc.github_data_issues; ---> could not flag variable not in dataset
2026-02-10 16:11:09,205; DEBUG; pypromice.core.qc.github_data_issues; ---> could not flag variable not in dataset
2026-02-10 16:11:09,206; DEBUG; pypromice.core.qc.github_data_issues; ---> could not flag variable not in dataset
2026-02-10 16:11:09,207; DEBUG; pypromice.core.qc.github_data_issues; ---> could not flag variable not in dataset
2026-02-10 16:11:09,207; DEBUG; pypromice.core.qc.github_data_issues; ---> could not flag variable not in dataset
2026-02-10 16:11:09,208; DEBUG; pypromice.core.qc.github_data_issues; ---> could not flag variable not in dataset
2026-02-10 16:11:09,209; DEBUG; pypromice.core.qc.github_data_issues; ---> could not flag variable not in dataset
2026-02-10 16:11:09,209; DEBUG; pypromice.core.qc.github_data_issues; ---> could not flag variable not in dataset
2026-02-10 16:11:09,210; DEBUG; pypromice.core.qc.github_data_issues; ---> could not flag variable not in dataset
2026-02-10 16:11:09,211; DEBUG; pypromice.core.qc.github_data_issues; ---> could not flag variable not in dataset
2026-02-10 16:11:09,211; DEBUG; pypromice.core.qc.github_data_issues; ---> could not flag variable not in dataset
2026-02-10 16:11:09,212; DEBUG; pypromice.core.qc.github_data_issues; ---> could not flag variable not in dataset
2026-02-10 16:11:09,213; DEBUG; pypromice.core.qc.github_data_issues; ---> could not flag variable not in dataset
2026-02-10 16:11:09,213; DEBUG; pypromice.core.qc.github_data_issues; ---> could not flag variable not in dataset
2026-02-10 16:11:09,214; DEBUG; pypromice.core.qc.github_data_issues; ---> could not flag variable not in dataset
2026-02-10 16:11:09,215; DEBUG; pypromice.core.qc.github_data_issues; ---> could not flag variable not in dataset
2026-02-10 16:11:09,215; DEBUG; pypromice.core.qc.github_data_issues; ---> could not flag variable not in dataset
2026-02-10 16:11:09,216; DEBUG; pypromice.core.qc.github_data_issues; ---> could not flag variable not in dataset
2026-02-10 16:11:09,217; DEBUG; pypromice.core.qc.github_data_issues; ---> could not flag variable not in dataset
2026-02-10 16:11:09,218; DEBUG; pypromice.core.qc.github_data_issues; ---> could not flag variable not in dataset
2026-02-10 16:11:09,218; DEBUG; pypromice.core.qc.github_data_issues; ---> could not flag variable not in dataset
2026-02-10 16:11:09,219; DEBUG; pypromice.core.qc.github_data_issues; ---> could not flag variable not in dataset
2026-02-10 16:11:09,220; DEBUG; pypromice.core.qc.github_data_issues; ---> could not flag variable not in dataset
2026-02-10 16:11:09,220; DEBUG; pypromice.core.qc.github_data_issues; ---> could not flag variable not in dataset
2026-02-10 16:11:09,221; DEBUG; pypromice.core.qc.github_data_issues; ---> could not flag variable not in dataset
2026-02-10 16:11:09,222; DEBUG; pypromice.core.qc.github_data_issues; ---> could not flag variable not in dataset
2026-02-10 16:11:09,743; INFO; pypromice.core.qc.github_data_issues; Using file: ../PROMICE-AWS-data-issues/adjustments/NAU.csv
2026-02-10 16:11:09,750; INFO; pypromice.core.qc.github_data_issues; ---> None 2023-01-01 00:00:00 t_i_11 min_filter -23.3
2026-02-10 16:11:09,750; INFO; pypromice.core.qc.github_data_issues; Time range does not intersect with dataset
2026-02-10 16:11:09,754; DEBUG; pypromice.core.qc.github_data_issues; ---> None 2023-07-01 00:00:00 tilt_x max_filter 3.0 flagged 0/22760
2026-02-10 16:11:09,763; DEBUG; pypromice.core.qc.github_data_issues; ---> None 2023-07-01 00:00:00 tilt_y min_filter -2.8 flagged 0/22760
2026-02-10 16:11:09,767; DEBUG; pypromice.core.qc.github_data_issues; ---> 2023-06-18 16:40:00 2025-05-10 12:50:00 wdir_u rotate -90.0
2026-02-10 16:11:09,770; INFO; pypromice.core.qc.github_data_issues; ---> None 2023-04-01 00:00:00 z_boom_cor_l min_filter 1.0
2026-02-10 16:11:09,770; INFO; pypromice.core.qc.github_data_issues; Time range does not intersect with dataset
2026-02-10 16:11:09,770; INFO; pypromice.core.qc.github_data_issues; ---> None 2023-04-01 00:00:00 z_boom_cor_l max_filter 3.0
2026-02-10 16:11:09,770; INFO; pypromice.core.qc.github_data_issues; Time range does not intersect with dataset
2026-02-10 16:11:09,774; DEBUG; pypromice.core.qc.github_data_issues; ---> 2024-12-07 00:00:00 2025-03-15 00:00:00 z_boom_cor_u min_filter 2.0 flagged 597/22760
2026-02-10 16:11:09,778; DEBUG; pypromice.core.qc.github_data_issues; ---> 2024-12-07 00:00:00 2025-03-15 00:00:00 z_boom_cor_u max_filter 2.6 flagged 1/22760
2026-02-10 16:11:09,780; INFO; pypromice.core.qc.github_data_issues; ---> None 2023-04-01 00:00:00 z_boom_cor_u min_filter 2.3
2026-02-10 16:11:09,780; INFO; pypromice.core.qc.github_data_issues; Time range does not intersect with dataset
2026-02-10 16:11:09,780; INFO; pypromice.core.qc.github_data_issues; ---> None 2023-04-01 00:00:00 z_boom_cor_u max_filter 4.3
2026-02-10 16:11:09,780; INFO; pypromice.core.qc.github_data_issues; Time range does not intersect with dataset
2026-02-10 16:11:09,781; INFO; pypromice.core.qc.github_data_issues; could not adjust z_surf_1 not in dataset
2026-02-10 16:11:09,781; INFO; pypromice.core.qc.github_data_issues; could not adjust z_surf_2 not in dataset
2026-02-10 16:11:11,633; WARNING; pypromice.pipeline.resample; Dropping QC columns because they are of type object and cannot be resampled
2026-02-10 16:11:11,828; INFO; pypromice.io.write; Resampling to 60min
2026-02-10 16:11:11,938; INFO; pypromice.io.write; Writing to files...
2026-02-10 16:11:14,644; INFO; pypromice.io.write; Written to /media/ice/Baptiste/geussnow01/aws-dev/L2_test/tx/NAU/NAU_hour.csv
2026-02-10 16:11:14,644; INFO; pypromice.io.write; Written to /media/ice/Baptiste/geussnow01/aws-dev/L2_test/tx/NAU/NAU_hour.nc
2026-02-10 16:11:14,645; DEBUG; pypromice.pipeline.aws; AWS(config_file=../aws-l0//raw/config/NAU.toml, inpath=../aws-l0//raw/NAU/, data_issues_repository=../PROMICE-AWS-data-issues, var_file=None, meta_file=None)
2026-02-10 16:11:14,696; DEBUG; pypromice.pipeline.aws; Source information: {'pypromice': '1.5.1', 'l0_config_file': 'NAU.toml:4bdadcfd32851bd1d43433658ee1f333a340ed01', 'l0_data_root': '4bdadcfd32851bd1d43433658ee1f333a340ed01', 'data_issues': 'a469096a07c8232cfb9c3d702402eeec79075bfb'}
2026-02-10 16:11:14,708; INFO; pypromice.io.ingest.l0; Detected L0 file type 'toa5' for ../aws-l0/raw/NAU/NAU_2023_raw.txt
2026-02-10 16:11:14,974; INFO; pypromice.io.ingest.l0; Detected L0 file type 'toa5' for ../aws-l0/raw/NAU/NAU_2023_raw.txt
2026-02-10 16:11:15,490; INFO; pypromice.io.ingest.l0; L0 data successfully loaded from NAU_2023_raw.txt
2026-02-10 16:11:15,497; INFO; pypromice.io.ingest.l0; Detected L0 file type 'toa5' for ../aws-l0/raw/NAU/NAU_2025_raw.txt
2026-02-10 16:11:15,841; INFO; pypromice.io.ingest.l0; Detected L0 file type 'toa5' for ../aws-l0/raw/NAU/NAU_2025_raw.txt
2026-02-10 16:11:16,491; INFO; pypromice.io.ingest.l0; L0 data successfully loaded from NAU_2025_raw.txt
2026-02-10 16:11:16,511; INFO; pypromice.pipeline.aws; Level 1 processing...
2026-02-10 16:11:19,471; INFO; pypromice.pipeline.aws; Level 2 processing...
2026-02-10 16:11:24,520; DEBUG; pypromice.core.qc.persistence; Running persistence_qc using {'t_i': {'max_diff': 0.0001, 'period': 2}, 't_u': {'max_diff': 0.0001, 'period': 2}, 't_l': {'max_diff': 0.0001, 'period': 2}, 'p_i': {'max_diff': 0.0001, 'period': 3}, 'p_u': {'max_diff': 0.0001, 'period': 150}, 'p_l': {'max_diff': 0.0001, 'period': 150}, 'gps_lat_lon': {'max_diff': 1e-06, 'period': 6}, 'gps_alt': {'max_diff': 0.0001, 'period': 6}, 't_rad': {'max_diff': 0.0001, 'period': 2}, 'rh_i': {'max_diff': 0.0001, 'period': 2}, 'rh_u': {'max_diff': 0.0001, 'period': 2}, 'rh_l': {'max_diff': 0.0001, 'period': 2}, 'wspd_i': {'max_diff': 0.0001, 'period': 6}, 'wspd_u': {'max_diff': 0.0001, 'period': 6}, 'wspd_l': {'max_diff': 0.0001, 'period': 6}}
2026-02-10 16:11:27,100; INFO; pypromice.core.qc.rate_of_change_filter; ROC filter on p_l (tol=1.0, factor=2.0): filtering 113/174823
2026-02-10 16:11:29,297; INFO; pypromice.core.qc.rate_of_change_filter; ROC filter on p_l (tol=1.0, factor=2.0): filtering 79/174823
2026-02-10 16:11:29,479; INFO; pypromice.core.qc.rate_of_change_filter; ROC filter on p_u (tol=1.0, factor=2.0): filtering 86/174823
2026-02-10 16:11:31,715; INFO; pypromice.core.qc.rate_of_change_filter; ROC filter on p_u (tol=1.0, factor=2.0): filtering 24/174823
2026-02-10 16:11:31,912; INFO; pypromice.core.qc.rate_of_change_filter; ROC filter on t_l (tol=3.0, factor=2.2): filtering 7/174823
2026-02-10 16:11:34,204; INFO; pypromice.core.qc.rate_of_change_filter; ROC filter on t_l (tol=3.0, factor=2.2): filtering 2/174823
2026-02-10 16:11:34,507; INFO; pypromice.core.qc.rate_of_change_filter; ROC filter on rh_l (tol=2.0, factor=3.5): filtering 10/174823
2026-02-10 16:11:37,258; INFO; pypromice.core.qc.rate_of_change_filter; ROC filter on rh_l (tol=2.0, factor=3.5): filtering 2/174823
2026-02-10 16:11:37,498; INFO; pypromice.core.qc.rate_of_change_filter; ROC filter on wspd_l (tol=0.5, factor=2.0): filtering 61/174823
2026-02-10 16:11:39,811; INFO; pypromice.core.qc.rate_of_change_filter; ROC filter on wspd_l (tol=0.5, factor=2.0): filtering 16/174823
2026-02-10 16:11:40,032; INFO; pypromice.core.qc.rate_of_change_filter; ROC filter on t_u (tol=3.0, factor=2.2): filtering 11/174823
2026-02-10 16:11:42,288; INFO; pypromice.core.qc.rate_of_change_filter; ROC filter on t_u (tol=3.0, factor=2.2): filtering 0/174823
2026-02-10 16:11:42,503; INFO; pypromice.core.qc.rate_of_change_filter; ROC filter on rh_u (tol=2.0, factor=3.5): filtering 17/174823
2026-02-10 16:11:44,736; INFO; pypromice.core.qc.rate_of_change_filter; ROC filter on rh_u (tol=2.0, factor=3.5): filtering 4/174823
2026-02-10 16:11:44,972; INFO; pypromice.core.qc.rate_of_change_filter; ROC filter on wspd_u (tol=0.5, factor=2.0): filtering 50/174823
2026-02-10 16:11:47,272; INFO; pypromice.core.qc.rate_of_change_filter; ROC filter on wspd_u (tol=0.5, factor=2.0): filtering 13/174823
2026-02-10 16:11:47,382; INFO; pypromice.core.qc.rate_of_change_filter; ROC filter on t_i_1 (tol=0.5, factor=1.5): filtering 8/174823
2026-02-10 16:11:49,526; INFO; pypromice.core.qc.rate_of_change_filter; ROC filter on t_i_1 (tol=0.5, factor=1.5): filtering 0/174823
2026-02-10 16:11:49,709; INFO; pypromice.core.qc.rate_of_change_filter; ROC filter on t_i_2 (tol=0.5, factor=1.5): filtering 22/174823
2026-02-10 16:11:51,969; INFO; pypromice.core.qc.rate_of_change_filter; ROC filter on t_i_2 (tol=0.5, factor=1.5): filtering 12/174823
2026-02-10 16:11:52,152; INFO; pypromice.core.qc.rate_of_change_filter; ROC filter on t_i_3 (tol=0.5, factor=1.5): filtering 50/174823
2026-02-10 16:11:54,351; INFO; pypromice.core.qc.rate_of_change_filter; ROC filter on t_i_3 (tol=0.5, factor=1.5): filtering 17/174823
2026-02-10 16:11:54,535; INFO; pypromice.core.qc.rate_of_change_filter; ROC filter on t_i_4 (tol=0.5, factor=1.5): filtering 51/174823
2026-02-10 16:11:56,757; INFO; pypromice.core.qc.rate_of_change_filter; ROC filter on t_i_4 (tol=0.5, factor=1.5): filtering 21/174823
2026-02-10 16:11:56,937; INFO; pypromice.core.qc.rate_of_change_filter; ROC filter on t_i_5 (tol=0.5, factor=1.5): filtering 53/174823
2026-02-10 16:11:59,163; INFO; pypromice.core.qc.rate_of_change_filter; ROC filter on t_i_5 (tol=0.5, factor=1.5): filtering 15/174823
2026-02-10 16:11:59,346; INFO; pypromice.core.qc.rate_of_change_filter; ROC filter on t_i_6 (tol=0.5, factor=1.5): filtering 45/174823
2026-02-10 16:12:01,589; INFO; pypromice.core.qc.rate_of_change_filter; ROC filter on t_i_6 (tol=0.5, factor=1.5): filtering 19/174823
2026-02-10 16:12:01,770; INFO; pypromice.core.qc.rate_of_change_filter; ROC filter on t_i_7 (tol=0.5, factor=1.5): filtering 52/174823
2026-02-10 16:12:03,973; INFO; pypromice.core.qc.rate_of_change_filter; ROC filter on t_i_7 (tol=0.5, factor=1.5): filtering 12/174823
2026-02-10 16:12:04,152; INFO; pypromice.core.qc.rate_of_change_filter; ROC filter on t_i_8 (tol=0.5, factor=1.5): filtering 44/174823
2026-02-10 16:12:06,376; INFO; pypromice.core.qc.rate_of_change_filter; ROC filter on t_i_8 (tol=0.5, factor=1.5): filtering 24/174823
2026-02-10 16:12:06,564; INFO; pypromice.core.qc.rate_of_change_filter; ROC filter on t_i_9 (tol=0.5, factor=1.5): filtering 43/174823
2026-02-10 16:12:08,765; INFO; pypromice.core.qc.rate_of_change_filter; ROC filter on t_i_9 (tol=0.5, factor=1.5): filtering 14/174823
2026-02-10 16:12:08,871; INFO; pypromice.core.qc.rate_of_change_filter; ROC filter on t_i_10 (tol=0.5, factor=1.5): filtering 40/174823
2026-02-10 16:12:10,993; INFO; pypromice.core.qc.rate_of_change_filter; ROC filter on t_i_10 (tol=0.5, factor=1.5): filtering 12/174823
2026-02-10 16:12:11,024; INFO; pypromice.core.qc.rate_of_change_filter; ROC filter on p_i (tol=1.0, factor=2.0): filtering 0/174823
2026-02-10 16:12:13,089; INFO; pypromice.core.qc.rate_of_change_filter; ROC filter on t_i (tol=3.0, factor=2.2): filtering 0/174823
2026-02-10 16:12:15,117; INFO; pypromice.core.qc.rate_of_change_filter; ROC filter on rh_i (tol=2.0, factor=3.5): filtering 0/174823
2026-02-10 16:12:17,182; INFO; pypromice.core.qc.rate_of_change_filter; ROC filter on wspd_i (tol=0.5, factor=2.0): filtering 0/174823
2026-02-10 16:12:21,312; INFO; pypromice.core.qc.github_data_issues; Using file: ../PROMICE-AWS-data-issues/adjustments/NAU.csv
2026-02-10 16:12:24,216; INFO; pypromice.core.qc.github_data_issues; Using file: ../PROMICE-AWS-data-issues/flags/NAU.csv
/home/bav/pypromice/src/pypromice/core/qc/github_data_issues.py:47: PerformanceWarning: indexing past lexsort depth may impact performance.
  t0, t1, avar, fval = df.loc[i, ["t0", "t1", "variable", "flag"]]
2026-02-10 16:12:24,250; DEBUG; pypromice.core.qc.github_data_issues; ---> could not flag variable not in dataset
2026-02-10 16:12:24,251; DEBUG; pypromice.core.qc.github_data_issues; ---> could not flag variable not in dataset
2026-02-10 16:12:24,252; DEBUG; pypromice.core.qc.github_data_issues; ---> could not flag variable not in dataset
2026-02-10 16:12:24,253; DEBUG; pypromice.core.qc.github_data_issues; ---> could not flag variable not in dataset
2026-02-10 16:12:24,253; DEBUG; pypromice.core.qc.github_data_issues; ---> could not flag variable not in dataset
2026-02-10 16:12:24,254; DEBUG; pypromice.core.qc.github_data_issues; ---> could not flag variable not in dataset
2026-02-10 16:12:24,255; DEBUG; pypromice.core.qc.github_data_issues; ---> could not flag variable not in dataset
2026-02-10 16:12:24,256; DEBUG; pypromice.core.qc.github_data_issues; ---> could not flag variable not in dataset
2026-02-10 16:12:24,256; DEBUG; pypromice.core.qc.github_data_issues; ---> could not flag variable not in dataset
2026-02-10 16:12:24,257; DEBUG; pypromice.core.qc.github_data_issues; ---> could not flag variable not in dataset
2026-02-10 16:12:24,258; DEBUG; pypromice.core.qc.github_data_issues; ---> could not flag variable not in dataset
2026-02-10 16:12:24,259; DEBUG; pypromice.core.qc.github_data_issues; ---> could not flag variable not in dataset
2026-02-10 16:12:24,259; DEBUG; pypromice.core.qc.github_data_issues; ---> could not flag variable not in dataset
2026-02-10 16:12:24,260; DEBUG; pypromice.core.qc.github_data_issues; ---> could not flag variable not in dataset
2026-02-10 16:12:24,261; DEBUG; pypromice.core.qc.github_data_issues; ---> could not flag variable not in dataset
2026-02-10 16:12:24,262; DEBUG; pypromice.core.qc.github_data_issues; ---> could not flag variable not in dataset
2026-02-10 16:12:24,262; DEBUG; pypromice.core.qc.github_data_issues; ---> could not flag variable not in dataset
2026-02-10 16:12:24,263; DEBUG; pypromice.core.qc.github_data_issues; ---> could not flag variable not in dataset
2026-02-10 16:12:24,264; DEBUG; pypromice.core.qc.github_data_issues; ---> could not flag variable not in dataset
2026-02-10 16:12:24,264; DEBUG; pypromice.core.qc.github_data_issues; ---> could not flag variable not in dataset
2026-02-10 16:12:24,265; DEBUG; pypromice.core.qc.github_data_issues; ---> could not flag variable not in dataset
2026-02-10 16:12:24,266; DEBUG; pypromice.core.qc.github_data_issues; ---> could not flag variable not in dataset
2026-02-10 16:12:24,267; DEBUG; pypromice.core.qc.github_data_issues; ---> could not flag variable not in dataset
2026-02-10 16:12:24,267; DEBUG; pypromice.core.qc.github_data_issues; ---> could not flag variable not in dataset
2026-02-10 16:12:24,268; DEBUG; pypromice.core.qc.github_data_issues; ---> could not flag variable not in dataset
2026-02-10 16:12:24,269; DEBUG; pypromice.core.qc.github_data_issues; ---> could not flag variable not in dataset
2026-02-10 16:12:24,269; DEBUG; pypromice.core.qc.github_data_issues; ---> could not flag variable not in dataset
2026-02-10 16:12:24,270; DEBUG; pypromice.core.qc.github_data_issues; ---> could not flag variable not in dataset
2026-02-10 16:12:24,271; DEBUG; pypromice.core.qc.github_data_issues; ---> could not flag variable not in dataset
2026-02-10 16:12:24,272; DEBUG; pypromice.core.qc.github_data_issues; ---> could not flag variable not in dataset
2026-02-10 16:12:24,272; DEBUG; pypromice.core.qc.github_data_issues; ---> could not flag variable not in dataset
2026-02-10 16:12:24,273; DEBUG; pypromice.core.qc.github_data_issues; ---> could not flag variable not in dataset
2026-02-10 16:12:24,274; DEBUG; pypromice.core.qc.github_data_issues; ---> could not flag variable not in dataset
2026-02-10 16:12:24,274; DEBUG; pypromice.core.qc.github_data_issues; ---> could not flag variable not in dataset
2026-02-10 16:12:24,275; DEBUG; pypromice.core.qc.github_data_issues; ---> could not flag variable not in dataset
2026-02-10 16:12:24,276; DEBUG; pypromice.core.qc.github_data_issues; ---> could not flag variable not in dataset
2026-02-10 16:12:24,277; DEBUG; pypromice.core.qc.github_data_issues; ---> could not flag variable not in dataset
2026-02-10 16:12:24,277; DEBUG; pypromice.core.qc.github_data_issues; ---> could not flag variable not in dataset
2026-02-10 16:12:24,278; DEBUG; pypromice.core.qc.github_data_issues; ---> could not flag variable not in dataset
2026-02-10 16:12:24,279; DEBUG; pypromice.core.qc.github_data_issues; ---> could not flag variable not in dataset
2026-02-10 16:12:24,279; DEBUG; pypromice.core.qc.github_data_issues; ---> could not flag variable not in dataset
2026-02-10 16:12:24,280; DEBUG; pypromice.core.qc.github_data_issues; ---> could not flag variable not in dataset
2026-02-10 16:12:24,281; DEBUG; pypromice.core.qc.github_data_issues; ---> could not flag variable not in dataset
2026-02-10 16:12:24,281; DEBUG; pypromice.core.qc.github_data_issues; ---> could not flag variable not in dataset
2026-02-10 16:12:24,282; DEBUG; pypromice.core.qc.github_data_issues; ---> could not flag variable not in dataset
2026-02-10 16:12:24,283; DEBUG; pypromice.core.qc.github_data_issues; ---> could not flag variable not in dataset
2026-02-10 16:12:24,284; DEBUG; pypromice.core.qc.github_data_issues; ---> could not flag variable not in dataset
2026-02-10 16:12:24,284; DEBUG; pypromice.core.qc.github_data_issues; ---> could not flag variable not in dataset
2026-02-10 16:12:24,285; DEBUG; pypromice.core.qc.github_data_issues; ---> could not flag variable not in dataset
2026-02-10 16:12:24,286; DEBUG; pypromice.core.qc.github_data_issues; ---> could not flag variable not in dataset
2026-02-10 16:12:24,286; DEBUG; pypromice.core.qc.github_data_issues; ---> could not flag variable not in dataset
2026-02-10 16:12:24,287; DEBUG; pypromice.core.qc.github_data_issues; ---> could not flag variable not in dataset
2026-02-10 16:12:24,288; DEBUG; pypromice.core.qc.github_data_issues; ---> could not flag variable not in dataset
2026-02-10 16:12:24,288; DEBUG; pypromice.core.qc.github_data_issues; ---> could not flag variable not in dataset
2026-02-10 16:12:24,289; DEBUG; pypromice.core.qc.github_data_issues; ---> could not flag variable not in dataset
2026-02-10 16:12:24,290; DEBUG; pypromice.core.qc.github_data_issues; ---> could not flag variable not in dataset
2026-02-10 16:12:24,291; DEBUG; pypromice.core.qc.github_data_issues; ---> could not flag variable not in dataset
2026-02-10 16:12:24,291; DEBUG; pypromice.core.qc.github_data_issues; ---> could not flag variable not in dataset
2026-02-10 16:12:24,292; DEBUG; pypromice.core.qc.github_data_issues; ---> could not flag variable not in dataset
2026-02-10 16:12:24,293; DEBUG; pypromice.core.qc.github_data_issues; ---> could not flag variable not in dataset
2026-02-10 16:12:24,293; DEBUG; pypromice.core.qc.github_data_issues; ---> could not flag variable not in dataset
2026-02-10 16:12:24,294; DEBUG; pypromice.core.qc.github_data_issues; ---> could not flag variable not in dataset
2026-02-10 16:12:24,295; DEBUG; pypromice.core.qc.github_data_issues; ---> could not flag variable not in dataset
2026-02-10 16:12:24,296; DEBUG; pypromice.core.qc.github_data_issues; ---> could not flag variable not in dataset
2026-02-10 16:12:24,296; DEBUG; pypromice.core.qc.github_data_issues; ---> could not flag variable not in dataset
2026-02-10 16:12:24,297; DEBUG; pypromice.core.qc.github_data_issues; ---> could not flag variable not in dataset
2026-02-10 16:12:24,298; DEBUG; pypromice.core.qc.github_data_issues; ---> could not flag variable not in dataset
2026-02-10 16:12:24,298; DEBUG; pypromice.core.qc.github_data_issues; ---> could not flag variable not in dataset
2026-02-10 16:12:24,299; DEBUG; pypromice.core.qc.github_data_issues; ---> could not flag variable not in dataset
2026-02-10 16:12:24,300; DEBUG; pypromice.core.qc.github_data_issues; ---> could not flag variable not in dataset
2026-02-10 16:12:24,301; DEBUG; pypromice.core.qc.github_data_issues; ---> could not flag variable not in dataset
2026-02-10 16:12:24,301; DEBUG; pypromice.core.qc.github_data_issues; ---> could not flag variable not in dataset
2026-02-10 16:12:24,302; DEBUG; pypromice.core.qc.github_data_issues; ---> could not flag variable not in dataset
2026-02-10 16:12:24,303; DEBUG; pypromice.core.qc.github_data_issues; ---> could not flag variable not in dataset
2026-02-10 16:12:24,303; DEBUG; pypromice.core.qc.github_data_issues; ---> could not flag variable not in dataset
2026-02-10 16:12:24,304; DEBUG; pypromice.core.qc.github_data_issues; ---> could not flag variable not in dataset
2026-02-10 16:12:24,305; DEBUG; pypromice.core.qc.github_data_issues; ---> could not flag variable not in dataset
2026-02-10 16:12:24,305; DEBUG; pypromice.core.qc.github_data_issues; ---> could not flag variable not in dataset
2026-02-10 16:12:24,306; DEBUG; pypromice.core.qc.github_data_issues; ---> could not flag variable not in dataset
2026-02-10 16:12:24,307; DEBUG; pypromice.core.qc.github_data_issues; ---> could not flag variable not in dataset
2026-02-10 16:12:24,308; DEBUG; pypromice.core.qc.github_data_issues; ---> could not flag variable not in dataset
2026-02-10 16:12:24,308; DEBUG; pypromice.core.qc.github_data_issues; ---> could not flag variable not in dataset
2026-02-10 16:12:24,309; DEBUG; pypromice.core.qc.github_data_issues; ---> could not flag variable not in dataset
2026-02-10 16:12:24,310; DEBUG; pypromice.core.qc.github_data_issues; ---> could not flag variable not in dataset
2026-02-10 16:12:24,310; DEBUG; pypromice.core.qc.github_data_issues; ---> could not flag variable not in dataset
2026-02-10 16:12:24,311; DEBUG; pypromice.core.qc.github_data_issues; ---> could not flag variable not in dataset
2026-02-10 16:12:24,312; DEBUG; pypromice.core.qc.github_data_issues; ---> could not flag variable not in dataset
2026-02-10 16:12:24,312; DEBUG; pypromice.core.qc.github_data_issues; ---> could not flag variable not in dataset
2026-02-10 16:12:24,313; DEBUG; pypromice.core.qc.github_data_issues; ---> could not flag variable not in dataset
2026-02-10 16:12:24,314; DEBUG; pypromice.core.qc.github_data_issues; ---> could not flag variable not in dataset
2026-02-10 16:12:24,315; DEBUG; pypromice.core.qc.github_data_issues; ---> could not flag variable not in dataset
2026-02-10 16:12:24,315; DEBUG; pypromice.core.qc.github_data_issues; ---> could not flag variable not in dataset
2026-02-10 16:12:24,316; DEBUG; pypromice.core.qc.github_data_issues; ---> could not flag variable not in dataset
2026-02-10 16:12:27,250; INFO; pypromice.core.qc.github_data_issues; Using file: ../PROMICE-AWS-data-issues/adjustments/NAU.csv
2026-02-10 16:12:27,267; DEBUG; pypromice.core.qc.github_data_issues; ---> None 2023-01-01 00:00:00 t_i_11 min_filter -23.3 flagged 820/174823
2026-02-10 16:12:27,288; DEBUG; pypromice.core.qc.github_data_issues; ---> None 2023-07-01 00:00:00 tilt_x max_filter 3.0 flagged 927/174823
2026-02-10 16:12:27,298; DEBUG; pypromice.core.qc.github_data_issues; ---> None 2023-07-01 00:00:00 tilt_y min_filter -2.8 flagged 992/174823
2026-02-10 16:12:27,302; DEBUG; pypromice.core.qc.github_data_issues; ---> 2023-06-18 16:40:00 2025-05-10 12:50:00 wdir_u rotate -90.0
2026-02-10 16:12:27,309; DEBUG; pypromice.core.qc.github_data_issues; ---> None 2023-04-01 00:00:00 z_boom_cor_l min_filter 1.0 flagged 1866/174823
2026-02-10 16:12:27,317; DEBUG; pypromice.core.qc.github_data_issues; ---> None 2023-04-01 00:00:00 z_boom_cor_l max_filter 3.0 flagged 0/174823
2026-02-10 16:12:27,322; DEBUG; pypromice.core.qc.github_data_issues; ---> 2024-12-07 00:00:00 2025-03-15 00:00:00 z_boom_cor_u min_filter 2.0 flagged 4781/174823
2026-02-10 16:12:27,327; DEBUG; pypromice.core.qc.github_data_issues; ---> 2024-12-07 00:00:00 2025-03-15 00:00:00 z_boom_cor_u max_filter 2.6 flagged 8/174823
2026-02-10 16:12:27,334; DEBUG; pypromice.core.qc.github_data_issues; ---> None 2023-04-01 00:00:00 z_boom_cor_u min_filter 2.3 flagged 4980/174823
2026-02-10 16:12:27,341; DEBUG; pypromice.core.qc.github_data_issues; ---> None 2023-04-01 00:00:00 z_boom_cor_u max_filter 4.3 flagged 0/174823
2026-02-10 16:12:27,342; INFO; pypromice.core.qc.github_data_issues; could not adjust z_surf_1 not in dataset
2026-02-10 16:12:27,342; INFO; pypromice.core.qc.github_data_issues; could not adjust z_surf_2 not in dataset
/home/bav/miniforge3/lib/python3.12/site-packages/xarray/computation/apply_ufunc.py:818: RuntimeWarning: invalid value encountered in log10
  result_data = func(*input_data)
2026-02-10 16:12:36,002; WARNING; pypromice.pipeline.resample; Dropping QC columns because they are of type object and cannot be resampled
2026-02-10 16:12:37,159; INFO; pypromice.io.write; Resampling to 10min
2026-02-10 16:12:37,474; INFO; pypromice.io.write; Writing to files...
2026-02-10 16:12:46,285; INFO; pypromice.io.write; Written to /media/ice/Baptiste/geussnow01/aws-dev/L2_test/raw/NAU/NAU_10min.csv
2026-02-10 16:12:46,285; INFO; pypromice.io.write; Written to /media/ice/Baptiste/geussnow01/aws-dev/L2_test/raw/NAU/NAU_10min.nc
2026-02-10 16:12:46,603; WARNING; pypromice.pipeline.resample; Dropping QC columns because they are of type object and cannot be resampled
2026-02-10 16:12:48,112; INFO; pypromice.io.write; Resampling to 60min
2026-02-10 16:12:48,242; INFO; pypromice.io.write; Writing to files...
2026-02-10 16:12:50,304; INFO; pypromice.io.write; Written to /media/ice/Baptiste/geussnow01/aws-dev/L2_test/raw/NAU/NAU_hour.csv
2026-02-10 16:12:50,304; INFO; pypromice.io.write; Written to /media/ice/Baptiste/geussnow01/aws-dev/L2_test/raw/NAU/NAU_hour.nc

 ======== test join_l2 ========= 

2026-02-10 16:12:51,616; INFO; pypromice.pipeline.join_l2; NAU array loaded from /media/ice/Baptiste/geussnow01/aws-dev/L2_test/raw/NAU/NAU_hour.nc
2026-02-10 16:12:51,862; INFO; pypromice.pipeline.join_l2; NAU array loaded from /media/ice/Baptiste/geussnow01/aws-dev/L2_test/tx/NAU/NAU_hour.nc
2026-02-10 16:12:51,862; INFO; pypromice.pipeline.join_l2; Combining /media/ice/Baptiste/geussnow01/aws-dev/L2_test/raw/NAU/NAU_hour.nc with /media/ice/Baptiste/geussnow01/aws-dev/L2_test/tx/NAU/NAU_hour.nc...
2026-02-10 16:12:52,094; INFO; pypromice.io.write; Writing to files...
2026-02-10 16:12:54,703; INFO; pypromice.io.write; Written to /media/ice/Baptiste/geussnow01/aws-dev/L2_test/level_2/NAU/NAU_hour.csv
2026-02-10 16:12:54,703; INFO; pypromice.io.write; Written to /media/ice/Baptiste/geussnow01/aws-dev/L2_test/level_2/NAU/NAU_hour.nc
2026-02-10 16:12:54,703; INFO; pypromice.pipeline.join_l2; Files saved to /media/ice/Baptiste/geussnow01/aws-dev/L2_test/level_2/NAU...

 ======== test l2tol3 ========= 

2026-02-10 16:12:54,942; WARNING; root; data_issues_path is missing. Using default data issues path: ../PROMICE-AWS-data-issues
2026-02-10 16:12:59,416; INFO; pypromice.pipeline.L2toL3; processing gps_lat with relocation on 2023-06-19T00:00:00
2026-02-10 16:12:59,424; INFO; pypromice.pipeline.L2toL3; processing gps_lon with relocation on 2023-06-19T00:00:00
2026-02-10 16:12:59,429; INFO; pypromice.pipeline.L2toL3; processing gps_alt with relocation on 2023-06-19T00:00:00
2026-02-10 16:12:59,454; INFO; pypromice.core.qc.github_data_issues; Using file: ../PROMICE-AWS-data-issues/adjustments/NAU.csv
2026-02-10 16:12:59,465; DEBUG; pypromice.core.qc.github_data_issues; ---> 2023-06-19 00:00:00 None z_surf_1 add 1.5
2026-02-10 16:12:59,466; DEBUG; pypromice.core.qc.github_data_issues; ---> 2025-05-11 00:00:00 None z_surf_1 add 1.5
2026-02-10 16:12:59,467; DEBUG; pypromice.core.qc.github_data_issues; ---> 2023-06-19 00:00:00 None z_surf_2 add 1.5
2026-02-10 16:12:59,468; DEBUG; pypromice.core.qc.github_data_issues; ---> 2025-05-11 00:00:00 None z_surf_2 add 1.5
2026-02-10 16:12:59,469; INFO; pypromice.pipeline.L2toL3; Combining surface height
2026-02-10 16:12:59,469; INFO; pypromice.pipeline.L2toL3; -> did not find z_ice_surf
2026-02-10 16:12:59,469; INFO; pypromice.pipeline.L2toL3; -> no z_pt or accumulation site: averaging z_surf_1 and z_surf_2
2026-02-10 16:12:59,534; INFO; pypromice.pipeline.L2toL3; Calculating thermistor depth
2026-02-10 16:12:59,582; INFO; pypromice.pipeline.L2toL3; interpolating 10 m firn/ice temperature (on hourly values)
2026-02-10 16:13:05,732; WARNING; pypromice.pipeline.resample; Dropping QC columns because they are of type object and cannot be resampled
2026-02-10 16:13:06,078; INFO; pypromice.io.write; Resampling to 60min
2026-02-10 16:13:06,258; INFO; pypromice.io.write; Writing to files...
2026-02-10 16:13:09,228; INFO; pypromice.io.write; Written to /media/ice/Baptiste/geussnow01/aws-dev/L3_test/stations/NAU/NAU_hour.csv
2026-02-10 16:13:09,228; INFO; pypromice.io.write; Written to /media/ice/Baptiste/geussnow01/aws-dev/L3_test/stations/NAU/NAU_hour.nc
2026-02-10 16:13:09,235; WARNING; pypromice.pipeline.resample; Dropping QC columns because they are of type object and cannot be resampled
2026-02-10 16:13:09,393; INFO; pypromice.io.write; Resampling to 1D
2026-02-10 16:13:09,769; INFO; pypromice.io.write; Writing to files...
2026-02-10 16:13:10,084; INFO; pypromice.io.write; Written to /media/ice/Baptiste/geussnow01/aws-dev/L3_test/stations/NAU/NAU_day.csv
2026-02-10 16:13:10,084; INFO; pypromice.io.write; Written to /media/ice/Baptiste/geussnow01/aws-dev/L3_test/stations/NAU/NAU_day.nc
2026-02-10 16:13:10,093; WARNING; pypromice.pipeline.resample; Dropping QC columns because they are of type object and cannot be resampled
2026-02-10 16:13:10,284; INFO; pypromice.io.write; Resampling to MS
2026-02-10 16:13:10,504; INFO; pypromice.io.write; Writing to files...
2026-02-10 16:13:11,759; INFO; pypromice.io.write; Written to /media/ice/Baptiste/geussnow01/aws-dev/L3_test/stations/NAU/NAU_month.csv
2026-02-10 16:13:11,760; INFO; pypromice.io.write; Written to /media/ice/Baptiste/geussnow01/aws-dev/L3_test/stations/NAU/NAU_month.nc
