NUK_Uv3

 ======== test get_l2 ========= 

2026-02-10 16:23:38,086; DEBUG; pypromice.pipeline.aws; AWS(config_file=../aws-l0//tx/config/NUK_Uv3.toml, inpath=../aws-l0//tx/, data_issues_repository=../PROMICE-AWS-data-issues, var_file=None, meta_file=None)
2026-02-10 16:23:38,170; DEBUG; pypromice.pipeline.aws; Source information: {'pypromice': '1.5.1', 'l0_config_file': 'NUK_Uv3.toml:4bdadcfd32851bd1d43433658ee1f333a340ed01', 'l0_data_root': '4bdadcfd32851bd1d43433658ee1f333a340ed01', 'data_issues': 'a469096a07c8232cfb9c3d702402eeec79075bfb'}
2026-02-10 16:23:38,193; INFO; pypromice.io.ingest.l0; Detected L0 file type 'csv_default' for ../aws-l0/tx/NUK_Uv3_300234068420030_1.txt
2026-02-10 16:23:38,261; INFO; pypromice.io.ingest.l0; Detected L0 file type 'csv_default' for ../aws-l0/tx/NUK_Uv3_300234068420030_1.txt
2026-02-10 16:23:38,383; INFO; pypromice.io.ingest.l0; L0 data successfully loaded from NUK_Uv3_300234068420030_1.txt
2026-02-10 16:23:38,393; INFO; pypromice.io.ingest.l0; Detected L0 file type 'csv_default' for ../aws-l0/tx/NUK_Uv3_300234068420030_2.txt
2026-02-10 16:23:38,462; INFO; pypromice.io.ingest.l0; L0 data successfully loaded from NUK_Uv3_300234068420030_2.txt
2026-02-10 16:23:38,482; INFO; pypromice.io.ingest.l0; Detected L0 file type 'csv_default' for ../aws-l0/tx/NUK_Uv3_300534062923450_3.txt
2026-02-10 16:23:38,502; INFO; pypromice.io.ingest.l0; L0 data successfully loaded from NUK_Uv3_300534062923450_3.txt
2026-02-10 16:23:38,510; INFO; pypromice.io.ingest.l0; Detected L0 file type 'csv_default' for ../aws-l0/tx/NUK_Uv3_300534063817730_4.txt
2026-02-10 16:23:38,528; INFO; pypromice.io.ingest.l0; L0 data successfully loaded from NUK_Uv3_300534063817730_4.txt
2026-02-10 16:23:38,529; INFO; pypromice.io.ingest.l0; Detected L0 file type 'csv_default' for ../aws-l0/tx/NUK_Uv3_300534063817730_5.txt
2026-02-10 16:23:38,575; INFO; pypromice.io.ingest.l0; L0 data successfully loaded from NUK_Uv3_300534063817730_5.txt
2026-02-10 16:23:38,602; INFO; pypromice.pipeline.aws; Level 1 processing...
2026-02-10 16:23:40,767; INFO; pypromice.pipeline.aws; Level 2 processing...
2026-02-10 16:23:41,698; DEBUG; pypromice.core.qc.persistence; Running persistence_qc using {'t_i': {'max_diff': 0.0001, 'period': 2}, 't_u': {'max_diff': 0.0001, 'period': 2}, 't_l': {'max_diff': 0.0001, 'period': 2}, 'p_i': {'max_diff': 0.0001, 'period': 3}, 'p_u': {'max_diff': 0.0001, 'period': 150}, 'p_l': {'max_diff': 0.0001, 'period': 150}, 'gps_lat_lon': {'max_diff': 1e-06, 'period': 6}, 'gps_alt': {'max_diff': 0.0001, 'period': 6}, 't_rad': {'max_diff': 0.0001, 'period': 2}, 'rh_i': {'max_diff': 0.0001, 'period': 2}, 'rh_u': {'max_diff': 0.0001, 'period': 2}, 'rh_l': {'max_diff': 0.0001, 'period': 2}, 'wspd_i': {'max_diff': 0.0001, 'period': 6}, 'wspd_u': {'max_diff': 0.0001, 'period': 6}, 'wspd_l': {'max_diff': 0.0001, 'period': 6}}
2026-02-10 16:23:42,288; INFO; pypromice.core.qc.rate_of_change_filter; ROC filter on p_u (tol=1.0, factor=2.0): filtering 5/32995
2026-02-10 16:23:42,670; INFO; pypromice.core.qc.rate_of_change_filter; ROC filter on p_u (tol=1.0, factor=2.0): filtering 2/32995
2026-02-10 16:23:42,719; INFO; pypromice.core.qc.rate_of_change_filter; ROC filter on t_u (tol=3.0, factor=2.2): filtering 2/32995
2026-02-10 16:23:43,105; INFO; pypromice.core.qc.rate_of_change_filter; ROC filter on t_u (tol=3.0, factor=2.2): filtering 0/32995
2026-02-10 16:23:43,151; INFO; pypromice.core.qc.rate_of_change_filter; ROC filter on rh_u (tol=2.0, factor=3.5): filtering 0/32995
2026-02-10 16:23:43,558; INFO; pypromice.core.qc.rate_of_change_filter; ROC filter on wspd_u (tol=0.5, factor=2.0): filtering 6/32995
2026-02-10 16:23:43,947; INFO; pypromice.core.qc.rate_of_change_filter; ROC filter on wspd_u (tol=0.5, factor=2.0): filtering 5/32995
2026-02-10 16:23:43,995; INFO; pypromice.core.qc.rate_of_change_filter; ROC filter on t_i_1 (tol=0.5, factor=1.5): filtering 78/32995
2026-02-10 16:23:44,378; INFO; pypromice.core.qc.rate_of_change_filter; ROC filter on t_i_1 (tol=0.5, factor=1.5): filtering 44/32995
2026-02-10 16:23:44,425; INFO; pypromice.core.qc.rate_of_change_filter; ROC filter on t_i_2 (tol=0.5, factor=1.5): filtering 42/32995
2026-02-10 16:23:44,809; INFO; pypromice.core.qc.rate_of_change_filter; ROC filter on t_i_2 (tol=0.5, factor=1.5): filtering 23/32995
2026-02-10 16:23:44,856; INFO; pypromice.core.qc.rate_of_change_filter; ROC filter on t_i_3 (tol=0.5, factor=1.5): filtering 29/32995
2026-02-10 16:23:45,244; INFO; pypromice.core.qc.rate_of_change_filter; ROC filter on t_i_3 (tol=0.5, factor=1.5): filtering 16/32995
2026-02-10 16:23:45,293; INFO; pypromice.core.qc.rate_of_change_filter; ROC filter on t_i_4 (tol=0.5, factor=1.5): filtering 24/32995
2026-02-10 16:23:45,674; INFO; pypromice.core.qc.rate_of_change_filter; ROC filter on t_i_4 (tol=0.5, factor=1.5): filtering 17/32995
2026-02-10 16:23:45,721; INFO; pypromice.core.qc.rate_of_change_filter; ROC filter on t_i_5 (tol=0.5, factor=1.5): filtering 24/32995
2026-02-10 16:23:46,109; INFO; pypromice.core.qc.rate_of_change_filter; ROC filter on t_i_5 (tol=0.5, factor=1.5): filtering 20/32995
2026-02-10 16:23:46,156; INFO; pypromice.core.qc.rate_of_change_filter; ROC filter on t_i_6 (tol=0.5, factor=1.5): filtering 31/32995
2026-02-10 16:23:46,545; INFO; pypromice.core.qc.rate_of_change_filter; ROC filter on t_i_6 (tol=0.5, factor=1.5): filtering 19/32995
2026-02-10 16:23:46,593; INFO; pypromice.core.qc.rate_of_change_filter; ROC filter on t_i_7 (tol=0.5, factor=1.5): filtering 70/32995
2026-02-10 16:23:46,976; INFO; pypromice.core.qc.rate_of_change_filter; ROC filter on t_i_7 (tol=0.5, factor=1.5): filtering 76/32995
2026-02-10 16:23:47,026; INFO; pypromice.core.qc.rate_of_change_filter; ROC filter on t_i_8 (tol=0.5, factor=1.5): filtering 66/32995
2026-02-10 16:23:47,407; INFO; pypromice.core.qc.rate_of_change_filter; ROC filter on t_i_8 (tol=0.5, factor=1.5): filtering 30/32995
2026-02-10 16:23:47,456; INFO; pypromice.core.qc.rate_of_change_filter; ROC filter on p_i (tol=1.0, factor=2.0): filtering 1/32995
2026-02-10 16:23:47,847; INFO; pypromice.core.qc.rate_of_change_filter; ROC filter on p_i (tol=1.0, factor=2.0): filtering 0/32995
2026-02-10 16:23:47,896; INFO; pypromice.core.qc.rate_of_change_filter; ROC filter on t_i (tol=3.0, factor=2.2): filtering 8/32995
2026-02-10 16:23:48,279; INFO; pypromice.core.qc.rate_of_change_filter; ROC filter on t_i (tol=3.0, factor=2.2): filtering 0/32995
2026-02-10 16:23:48,327; INFO; pypromice.core.qc.rate_of_change_filter; ROC filter on rh_i (tol=2.0, factor=3.5): filtering 0/32995
2026-02-10 16:23:48,721; INFO; pypromice.core.qc.rate_of_change_filter; ROC filter on wspd_i (tol=0.5, factor=2.0): filtering 12/32995
2026-02-10 16:23:49,111; INFO; pypromice.core.qc.rate_of_change_filter; ROC filter on wspd_i (tol=0.5, factor=2.0): filtering 1/32995
2026-02-10 16:23:49,461; INFO; pypromice.core.qc.github_data_issues; Using file: ../PROMICE-AWS-data-issues/adjustments/NUK_Uv3.csv
2026-02-10 16:23:50,045; INFO; pypromice.core.qc.github_data_issues; Using file: ../PROMICE-AWS-data-issues/flags/NUK_Uv3.csv
2026-02-10 16:23:50,073; DEBUG; pypromice.core.qc.github_data_issues; ---> flagging 2021-02-14 00:00:00 2021-02-16 00:00:00 dlr with RIME, flagged 49/32995
2026-02-10 16:23:50,080; DEBUG; pypromice.core.qc.github_data_issues; ---> flagging 2021-02-14 00:00:00 2021-02-16 00:00:00 ulr with RIME, flagged 49/32995
2026-02-10 16:23:50,085; DEBUG; pypromice.core.qc.github_data_issues; ---> flagging 2021-02-14 00:00:00 2021-02-16 00:00:00 dsr with RIME, flagged 49/32995
2026-02-10 16:23:50,089; DEBUG; pypromice.core.qc.github_data_issues; ---> flagging 2021-02-14 00:00:00 2021-02-16 00:00:00 usr with RIME, flagged 49/32995
2026-02-10 16:23:50,095; DEBUG; pypromice.core.qc.github_data_issues; ---> flagging 2021-04-15 00:00:00 2021-04-18 00:00:00 dlr with RIME, flagged 73/32995
2026-02-10 16:23:50,099; DEBUG; pypromice.core.qc.github_data_issues; ---> flagging 2021-04-15 00:00:00 2021-04-18 00:00:00 ulr with RIME, flagged 73/32995
2026-02-10 16:23:50,103; DEBUG; pypromice.core.qc.github_data_issues; ---> flagging 2021-04-15 00:00:00 2021-04-18 00:00:00 dsr with RIME, flagged 73/32995
2026-02-10 16:23:50,108; DEBUG; pypromice.core.qc.github_data_issues; ---> flagging 2021-04-15 00:00:00 2021-04-18 00:00:00 usr with RIME, flagged 73/32995
2026-02-10 16:23:50,113; DEBUG; pypromice.core.qc.github_data_issues; ---> flagging 2022-02-16 00:00:00 2022-02-27 00:00:00 dlr with RIME, flagged 265/32995
2026-02-10 16:23:50,117; DEBUG; pypromice.core.qc.github_data_issues; ---> flagging 2022-02-16 00:00:00 2022-02-27 00:00:00 ulr with RIME, flagged 265/32995
2026-02-10 16:23:50,121; DEBUG; pypromice.core.qc.github_data_issues; ---> flagging 2022-02-16 00:00:00 2022-02-27 00:00:00 dsr with RIME, flagged 265/32995
2026-02-10 16:23:50,126; DEBUG; pypromice.core.qc.github_data_issues; ---> flagging 2022-02-16 00:00:00 2022-02-27 00:00:00 usr with RIME, flagged 265/32995
2026-02-10 16:23:50,131; DEBUG; pypromice.core.qc.github_data_issues; ---> flagging 2022-03-12 00:00:00 2022-03-14 00:00:00 dlr with RIME, flagged 49/32995
2026-02-10 16:23:50,135; DEBUG; pypromice.core.qc.github_data_issues; ---> flagging 2022-03-12 00:00:00 2022-03-14 00:00:00 ulr with RIME, flagged 49/32995
2026-02-10 16:23:50,139; DEBUG; pypromice.core.qc.github_data_issues; ---> flagging 2022-03-12 00:00:00 2022-03-14 00:00:00 dsr with RIME, flagged 49/32995
2026-02-10 16:23:50,143; DEBUG; pypromice.core.qc.github_data_issues; ---> flagging 2022-03-12 00:00:00 2022-03-14 00:00:00 usr with RIME, flagged 49/32995
2026-02-10 16:23:50,148; DEBUG; pypromice.core.qc.github_data_issues; ---> flagging 2022-04-14 00:00:00 2022-04-16 00:00:00 dlr with RIME, flagged 49/32995
2026-02-10 16:23:50,152; DEBUG; pypromice.core.qc.github_data_issues; ---> flagging 2022-04-14 00:00:00 2022-04-16 00:00:00 ulr with RIME, flagged 49/32995
2026-02-10 16:23:50,157; DEBUG; pypromice.core.qc.github_data_issues; ---> flagging 2022-04-14 00:00:00 2022-04-16 00:00:00 dsr with RIME, flagged 49/32995
2026-02-10 16:23:50,161; DEBUG; pypromice.core.qc.github_data_issues; ---> flagging 2022-04-14 00:00:00 2022-04-16 00:00:00 usr with RIME, flagged 49/32995
2026-02-10 16:23:50,166; DEBUG; pypromice.core.qc.github_data_issues; ---> flagging 2022-11-16 00:00:00 2022-11-18 00:00:00 dlr with RIME, flagged 49/32995
2026-02-10 16:23:50,170; DEBUG; pypromice.core.qc.github_data_issues; ---> flagging 2022-11-16 00:00:00 2022-11-18 00:00:00 ulr with RIME, flagged 49/32995
2026-02-10 16:23:50,174; DEBUG; pypromice.core.qc.github_data_issues; ---> flagging 2022-11-16 00:00:00 2022-11-18 00:00:00 dsr with RIME, flagged 49/32995
2026-02-10 16:23:50,178; DEBUG; pypromice.core.qc.github_data_issues; ---> flagging 2022-11-16 00:00:00 2022-11-18 00:00:00 usr with RIME, flagged 49/32995
2026-02-10 16:23:50,183; DEBUG; pypromice.core.qc.github_data_issues; ---> flagging 2023-01-19 00:00:00 2023-01-22 00:00:00 dlr with RIME, flagged 73/32995
2026-02-10 16:23:50,187; DEBUG; pypromice.core.qc.github_data_issues; ---> flagging 2023-01-19 00:00:00 2023-01-22 00:00:00 ulr with RIME, flagged 73/32995
2026-02-10 16:23:50,191; DEBUG; pypromice.core.qc.github_data_issues; ---> flagging 2023-01-19 00:00:00 2023-01-22 00:00:00 dsr with RIME, flagged 73/32995
2026-02-10 16:23:50,195; DEBUG; pypromice.core.qc.github_data_issues; ---> flagging 2023-01-19 00:00:00 2023-01-22 00:00:00 usr with RIME, flagged 73/32995
2026-02-10 16:23:50,200; DEBUG; pypromice.core.qc.github_data_issues; ---> flagging 2023-02-10 00:00:00 2023-02-12 00:00:00 dlr with RIME, flagged 49/32995
2026-02-10 16:23:50,204; DEBUG; pypromice.core.qc.github_data_issues; ---> flagging 2023-02-10 00:00:00 2023-02-12 00:00:00 ulr with RIME, flagged 49/32995
2026-02-10 16:23:50,209; DEBUG; pypromice.core.qc.github_data_issues; ---> flagging 2023-02-10 00:00:00 2023-02-12 00:00:00 dsr with RIME, flagged 49/32995
2026-02-10 16:23:50,214; DEBUG; pypromice.core.qc.github_data_issues; ---> flagging 2023-02-10 00:00:00 2023-02-12 00:00:00 usr with RIME, flagged 49/32995
2026-02-10 16:23:50,218; DEBUG; pypromice.core.qc.github_data_issues; ---> flagging 2023-12-20 00:00:00 2023-12-22 00:00:00 dlr with RIME, flagged 0/32995
2026-02-10 16:23:50,221; DEBUG; pypromice.core.qc.github_data_issues; ---> flagging 2023-12-20 00:00:00 2023-12-22 00:00:00 ulr with RIME, flagged 0/32995
2026-02-10 16:23:50,224; DEBUG; pypromice.core.qc.github_data_issues; ---> flagging 2023-12-20 00:00:00 2023-12-22 00:00:00 dsr with RIME, flagged 0/32995
2026-02-10 16:23:50,227; DEBUG; pypromice.core.qc.github_data_issues; ---> flagging 2023-12-20 00:00:00 2023-12-22 00:00:00 usr with RIME, flagged 0/32995
2026-02-10 16:23:50,232; DEBUG; pypromice.core.qc.github_data_issues; ---> flagging 2024-02-13 00:00:00 2024-02-15 00:00:00 dlr with RIME, flagged 0/32995
2026-02-10 16:23:50,236; DEBUG; pypromice.core.qc.github_data_issues; ---> flagging 2024-02-13 00:00:00 2024-02-15 00:00:00 ulr with RIME, flagged 0/32995
2026-02-10 16:23:50,239; DEBUG; pypromice.core.qc.github_data_issues; ---> flagging 2024-02-13 00:00:00 2024-02-15 00:00:00 dsr with RIME, flagged 0/32995
2026-02-10 16:23:50,242; DEBUG; pypromice.core.qc.github_data_issues; ---> flagging 2024-02-13 00:00:00 2024-02-15 00:00:00 usr with RIME, flagged 0/32995
2026-02-10 16:23:50,246; DEBUG; pypromice.core.qc.github_data_issues; ---> flagging 2024-03-08 00:00:00 2024-03-10 00:00:00 dlr with RIME, flagged 0/32995
2026-02-10 16:23:50,249; DEBUG; pypromice.core.qc.github_data_issues; ---> flagging 2024-03-08 00:00:00 2024-03-10 00:00:00 ulr with RIME, flagged 0/32995
2026-02-10 16:23:50,252; DEBUG; pypromice.core.qc.github_data_issues; ---> flagging 2024-03-08 00:00:00 2024-03-10 00:00:00 dsr with RIME, flagged 0/32995
2026-02-10 16:23:50,255; DEBUG; pypromice.core.qc.github_data_issues; ---> flagging 2024-03-08 00:00:00 2024-03-10 00:00:00 usr with RIME, flagged 0/32995
2026-02-10 16:23:50,261; DEBUG; pypromice.core.qc.github_data_issues; ---> flagging 2025-01-21 00:00:00 2025-06-07 17:00:00 t_i_1 with CONFIRMED, flagged 415/32995
2026-02-10 16:23:50,267; DEBUG; pypromice.core.qc.github_data_issues; ---> flagging 2020-08-31 15:18:00 2023-08-20 00:00:00 t_i_1 with CONFIRMED, flagged 25962/32995
2026-02-10 16:23:50,274; DEBUG; pypromice.core.qc.github_data_issues; ---> flagging 2025-01-21 00:00:00 2025-06-07 17:00:00 t_i_2 with CONFIRMED, flagged 415/32995
2026-02-10 16:23:50,280; DEBUG; pypromice.core.qc.github_data_issues; ---> flagging 2020-08-31 15:18:00 2023-08-20 00:00:00 t_i_2 with CONFIRMED, flagged 25962/32995
2026-02-10 16:23:50,287; DEBUG; pypromice.core.qc.github_data_issues; ---> flagging 2025-01-21 00:00:00 2025-06-07 17:00:00 t_i_3 with CONFIRMED, flagged 415/32995
2026-02-10 16:23:50,295; DEBUG; pypromice.core.qc.github_data_issues; ---> flagging 2020-08-31 15:18:00 2023-08-20 00:00:00 t_i_3 with CONFIRMED, flagged 25962/32995
2026-02-10 16:23:50,302; DEBUG; pypromice.core.qc.github_data_issues; ---> flagging 2025-01-21 00:00:00 2025-06-07 17:00:00 t_i_4 with CONFIRMED, flagged 415/32995
2026-02-10 16:23:50,308; DEBUG; pypromice.core.qc.github_data_issues; ---> flagging 2020-08-31 15:18:00 2023-08-20 00:00:00 t_i_4 with CONFIRMED, flagged 25962/32995
2026-02-10 16:23:50,315; DEBUG; pypromice.core.qc.github_data_issues; ---> flagging 2025-01-21 00:00:00 2025-06-07 17:00:00 t_i_5 with CONFIRMED, flagged 415/32995
2026-02-10 16:23:50,322; DEBUG; pypromice.core.qc.github_data_issues; ---> flagging 2020-08-31 15:18:00 2023-08-20 00:00:00 t_i_5 with CONFIRMED, flagged 25962/32995
2026-02-10 16:23:50,329; DEBUG; pypromice.core.qc.github_data_issues; ---> flagging 2025-01-21 00:00:00 2025-06-07 17:00:00 t_i_6 with CONFIRMED, flagged 415/32995
2026-02-10 16:23:50,336; DEBUG; pypromice.core.qc.github_data_issues; ---> flagging 2020-08-31 15:18:00 2023-08-20 00:00:00 t_i_6 with CONFIRMED, flagged 25962/32995
2026-02-10 16:23:50,343; DEBUG; pypromice.core.qc.github_data_issues; ---> flagging 2025-01-21 00:00:00 2025-06-07 17:00:00 t_i_7 with CONFIRMED, flagged 415/32995
2026-02-10 16:23:50,350; DEBUG; pypromice.core.qc.github_data_issues; ---> flagging 2020-08-31 15:18:00 2023-08-20 00:00:00 t_i_7 with CONFIRMED, flagged 25962/32995
2026-02-10 16:23:50,357; DEBUG; pypromice.core.qc.github_data_issues; ---> flagging 2025-01-21 00:00:00 2025-06-07 17:00:00 t_i_8 with CONFIRMED, flagged 415/32995
2026-02-10 16:23:50,365; DEBUG; pypromice.core.qc.github_data_issues; ---> flagging 2020-08-31 15:18:00 2023-08-20 00:00:00 t_i_8 with CONFIRMED, flagged 25962/32995
2026-02-10 16:23:50,375; DEBUG; pypromice.core.qc.github_data_issues; ---> flagging 2021-09-22 00:00:00 2021-11-01 00:00:00 z_pt_cor with CONFIRMED, flagged 961/32995
2026-02-10 16:23:50,381; DEBUG; pypromice.core.qc.github_data_issues; ---> flagging 2025-04-23 00:00:00 2026-02-10 14:00:00 z_pt_cor with CONFIRMED, flagged 6354/32995
2026-02-10 16:23:50,957; INFO; pypromice.core.qc.github_data_issues; Using file: ../PROMICE-AWS-data-issues/adjustments/NUK_Uv3.csv
2026-02-10 16:23:50,976; DEBUG; pypromice.core.qc.github_data_issues; ---> None None gps_lat min_filter 64.505 flagged 0/32995
2026-02-10 16:23:50,983; DEBUG; pypromice.core.qc.github_data_issues; ---> None None gps_lon min_filter 49.27 flagged 0/32995
2026-02-10 16:23:50,989; DEBUG; pypromice.core.qc.github_data_issues; ---> None None t_i_1 min_filter -20.0 flagged 1/32995
2026-02-10 16:23:50,996; DEBUG; pypromice.core.qc.github_data_issues; ---> None None t_i_2 min_filter -20.0 flagged 1/32995
2026-02-10 16:23:51,002; DEBUG; pypromice.core.qc.github_data_issues; ---> None None t_i_3 min_filter -20.0 flagged 0/32995
2026-02-10 16:23:51,008; DEBUG; pypromice.core.qc.github_data_issues; ---> None None t_i_4 min_filter -20.0 flagged 1/32995
2026-02-10 16:23:51,014; DEBUG; pypromice.core.qc.github_data_issues; ---> None None t_i_5 min_filter -20.0 flagged 1/32995
2026-02-10 16:23:51,021; DEBUG; pypromice.core.qc.github_data_issues; ---> None None t_i_6 min_filter -20.0 flagged 1/32995
2026-02-10 16:23:51,027; DEBUG; pypromice.core.qc.github_data_issues; ---> None None t_i_7 min_filter -20.0 flagged 1/32995
2026-02-10 16:23:51,034; DEBUG; pypromice.core.qc.github_data_issues; ---> None None t_i_8 min_filter -20.0 flagged 1/32995
2026-02-10 16:23:51,041; DEBUG; pypromice.core.qc.github_data_issues; ---> None None z_boom_cor_u max_filter 2.8 flagged 106/32995
2026-02-10 16:23:51,043; INFO; pypromice.core.qc.github_data_issues; could not adjust z_ice_surf not in dataset
2026-02-10 16:23:51,048; DEBUG; pypromice.core.qc.github_data_issues; ---> 2026-01-05 00:00:00 None z_stake_cor min_filter 2.6 flagged 15/32995
2026-02-10 16:23:51,052; DEBUG; pypromice.core.qc.github_data_issues; ---> 2026-01-05 00:00:00 None z_stake_cor max_filter 3.0 flagged 17/32995
2026-02-10 16:23:51,057; DEBUG; pypromice.core.qc.github_data_issues; ---> None None z_stake_cor max_filter 5.0 flagged 24/32995
2026-02-10 16:23:51,059; INFO; pypromice.core.qc.github_data_issues; could not adjust z_surf_2 not in dataset
2026-02-10 16:23:53,035; WARNING; pypromice.pipeline.resample; Dropping QC columns because they are of type object and cannot be resampled
2026-02-10 16:23:53,325; INFO; pypromice.io.write; Resampling to 60min
2026-02-10 16:23:53,434; INFO; pypromice.io.write; Writing to files...
2026-02-10 16:23:55,850; INFO; pypromice.io.write; Written to /media/ice/Baptiste/geussnow01/aws-dev/L2_test/tx/NUK_Uv3/NUK_Uv3_hour.csv
2026-02-10 16:23:55,850; INFO; pypromice.io.write; Written to /media/ice/Baptiste/geussnow01/aws-dev/L2_test/tx/NUK_Uv3/NUK_Uv3_hour.nc
2026-02-10 16:23:55,851; DEBUG; pypromice.pipeline.aws; AWS(config_file=../aws-l0//raw/config/NUK_Uv3.toml, inpath=../aws-l0//raw/NUK_Uv3/, data_issues_repository=../PROMICE-AWS-data-issues, var_file=None, meta_file=None)
2026-02-10 16:23:55,892; DEBUG; pypromice.pipeline.aws; Source information: {'pypromice': '1.5.1', 'l0_config_file': 'NUK_Uv3.toml:4bdadcfd32851bd1d43433658ee1f333a340ed01', 'l0_data_root': '4bdadcfd32851bd1d43433658ee1f333a340ed01', 'data_issues': 'a469096a07c8232cfb9c3d702402eeec79075bfb'}
2026-02-10 16:23:56,378; INFO; pypromice.io.ingest.l0; Detected L0 file type 'toa5' for ../aws-l0/raw/NUK_Uv3/NUK_Uv3_2021_raw.txt
2026-02-10 16:23:56,394; INFO; pypromice.io.ingest.l0; Detected L0 file type 'toa5' for ../aws-l0/raw/NUK_Uv3/NUK_Uv3_2021_raw.txt
2026-02-10 16:23:56,460; INFO; pypromice.io.ingest.l0; L0 data successfully loaded from NUK_Uv3_2021_raw.txt
2026-02-10 16:23:57,468; INFO; pypromice.io.ingest.l0; Detected L0 file type 'toa5' for ../aws-l0/raw/NUK_Uv3/NUK_Uv3_2022_raw.txt
2026-02-10 16:23:57,515; INFO; pypromice.io.ingest.l0; Detected L0 file type 'toa5' for ../aws-l0/raw/NUK_Uv3/NUK_Uv3_2022_raw.txt
2026-02-10 16:23:57,640; INFO; pypromice.io.ingest.l0; L0 data successfully loaded from NUK_Uv3_2022_raw.txt
2026-02-10 16:23:57,646; INFO; pypromice.io.ingest.l0; Detected L0 file type 'toa5' for ../aws-l0/raw/NUK_Uv3/NUK_Uv3_2025_raw.txt
2026-02-10 16:23:57,857; INFO; pypromice.io.ingest.l0; Detected L0 file type 'toa5' for ../aws-l0/raw/NUK_Uv3/NUK_Uv3_2025_raw.txt
2026-02-10 16:23:58,377; INFO; pypromice.io.ingest.l0; L0 data successfully loaded from NUK_Uv3_2025_raw.txt
2026-02-10 16:23:58,396; INFO; pypromice.pipeline.aws; Level 1 processing...
2026-02-10 16:24:01,688; INFO; pypromice.pipeline.aws; Level 2 processing...
2026-02-10 16:24:05,069; DEBUG; pypromice.core.qc.persistence; Running persistence_qc using {'t_i': {'max_diff': 0.0001, 'period': 2}, 't_u': {'max_diff': 0.0001, 'period': 2}, 't_l': {'max_diff': 0.0001, 'period': 2}, 'p_i': {'max_diff': 0.0001, 'period': 3}, 'p_u': {'max_diff': 0.0001, 'period': 150}, 'p_l': {'max_diff': 0.0001, 'period': 150}, 'gps_lat_lon': {'max_diff': 1e-06, 'period': 6}, 'gps_alt': {'max_diff': 0.0001, 'period': 6}, 't_rad': {'max_diff': 0.0001, 'period': 2}, 'rh_i': {'max_diff': 0.0001, 'period': 2}, 'rh_u': {'max_diff': 0.0001, 'period': 2}, 'rh_l': {'max_diff': 0.0001, 'period': 2}, 'wspd_i': {'max_diff': 0.0001, 'period': 6}, 'wspd_u': {'max_diff': 0.0001, 'period': 6}, 'wspd_l': {'max_diff': 0.0001, 'period': 6}}
2026-02-10 16:24:06,783; INFO; pypromice.core.qc.rate_of_change_filter; ROC filter on p_u (tol=1.0, factor=2.0): filtering 26/134006
2026-02-10 16:24:08,255; INFO; pypromice.core.qc.rate_of_change_filter; ROC filter on p_u (tol=1.0, factor=2.0): filtering 0/134006
2026-02-10 16:24:08,415; INFO; pypromice.core.qc.rate_of_change_filter; ROC filter on t_u (tol=3.0, factor=2.2): filtering 12/134006
2026-02-10 16:24:09,932; INFO; pypromice.core.qc.rate_of_change_filter; ROC filter on t_u (tol=3.0, factor=2.2): filtering 0/134006
2026-02-10 16:24:10,124; INFO; pypromice.core.qc.rate_of_change_filter; ROC filter on rh_u (tol=2.0, factor=3.5): filtering 8/134006
2026-02-10 16:24:11,645; INFO; pypromice.core.qc.rate_of_change_filter; ROC filter on rh_u (tol=2.0, factor=3.5): filtering 2/134006
2026-02-10 16:24:11,833; INFO; pypromice.core.qc.rate_of_change_filter; ROC filter on wspd_u (tol=0.5, factor=2.0): filtering 58/134006
2026-02-10 16:24:13,365; INFO; pypromice.core.qc.rate_of_change_filter; ROC filter on wspd_u (tol=0.5, factor=2.0): filtering 33/134006
2026-02-10 16:24:13,490; INFO; pypromice.core.qc.rate_of_change_filter; ROC filter on t_i_1 (tol=0.5, factor=1.5): filtering 74/134006
2026-02-10 16:24:14,958; INFO; pypromice.core.qc.rate_of_change_filter; ROC filter on t_i_1 (tol=0.5, factor=1.5): filtering 21/134006
2026-02-10 16:24:15,112; INFO; pypromice.core.qc.rate_of_change_filter; ROC filter on t_i_2 (tol=0.5, factor=1.5): filtering 29/134006
2026-02-10 16:24:16,611; INFO; pypromice.core.qc.rate_of_change_filter; ROC filter on t_i_2 (tol=0.5, factor=1.5): filtering 10/134006
2026-02-10 16:24:16,756; INFO; pypromice.core.qc.rate_of_change_filter; ROC filter on t_i_3 (tol=0.5, factor=1.5): filtering 33/134006
2026-02-10 16:24:18,258; INFO; pypromice.core.qc.rate_of_change_filter; ROC filter on t_i_3 (tol=0.5, factor=1.5): filtering 12/134006
2026-02-10 16:24:18,400; INFO; pypromice.core.qc.rate_of_change_filter; ROC filter on t_i_4 (tol=0.5, factor=1.5): filtering 78/134006
2026-02-10 16:24:19,878; INFO; pypromice.core.qc.rate_of_change_filter; ROC filter on t_i_4 (tol=0.5, factor=1.5): filtering 25/134006
2026-02-10 16:24:20,023; INFO; pypromice.core.qc.rate_of_change_filter; ROC filter on t_i_5 (tol=0.5, factor=1.5): filtering 71/134006
2026-02-10 16:24:21,491; INFO; pypromice.core.qc.rate_of_change_filter; ROC filter on t_i_5 (tol=0.5, factor=1.5): filtering 37/134006
2026-02-10 16:24:21,641; INFO; pypromice.core.qc.rate_of_change_filter; ROC filter on t_i_6 (tol=0.5, factor=1.5): filtering 180/134006
2026-02-10 16:24:23,116; INFO; pypromice.core.qc.rate_of_change_filter; ROC filter on t_i_6 (tol=0.5, factor=1.5): filtering 99/134006
2026-02-10 16:24:23,260; INFO; pypromice.core.qc.rate_of_change_filter; ROC filter on t_i_7 (tol=0.5, factor=1.5): filtering 110/134006
2026-02-10 16:24:24,734; INFO; pypromice.core.qc.rate_of_change_filter; ROC filter on t_i_7 (tol=0.5, factor=1.5): filtering 64/134006
2026-02-10 16:24:24,877; INFO; pypromice.core.qc.rate_of_change_filter; ROC filter on t_i_8 (tol=0.5, factor=1.5): filtering 297/134006
2026-02-10 16:24:26,367; INFO; pypromice.core.qc.rate_of_change_filter; ROC filter on t_i_8 (tol=0.5, factor=1.5): filtering 122/134006
2026-02-10 16:24:26,395; INFO; pypromice.core.qc.rate_of_change_filter; ROC filter on p_i (tol=1.0, factor=2.0): filtering 0/134006
2026-02-10 16:24:27,766; INFO; pypromice.core.qc.rate_of_change_filter; ROC filter on t_i (tol=3.0, factor=2.2): filtering 0/134006
2026-02-10 16:24:29,144; INFO; pypromice.core.qc.rate_of_change_filter; ROC filter on rh_i (tol=2.0, factor=3.5): filtering 0/134006
2026-02-10 16:24:30,741; INFO; pypromice.core.qc.rate_of_change_filter; ROC filter on wspd_i (tol=0.5, factor=2.0): filtering 0/134006
2026-02-10 16:24:33,664; INFO; pypromice.core.qc.github_data_issues; Using file: ../PROMICE-AWS-data-issues/adjustments/NUK_Uv3.csv
2026-02-10 16:24:35,598; INFO; pypromice.core.qc.github_data_issues; Using file: ../PROMICE-AWS-data-issues/flags/NUK_Uv3.csv
2026-02-10 16:24:35,627; DEBUG; pypromice.core.qc.github_data_issues; ---> flagging 2021-02-14 00:00:00 2021-02-16 00:00:00 dlr with RIME, flagged 0/134006
2026-02-10 16:24:35,631; DEBUG; pypromice.core.qc.github_data_issues; ---> flagging 2021-02-14 00:00:00 2021-02-16 00:00:00 ulr with RIME, flagged 0/134006
2026-02-10 16:24:35,634; DEBUG; pypromice.core.qc.github_data_issues; ---> flagging 2021-02-14 00:00:00 2021-02-16 00:00:00 dsr with RIME, flagged 0/134006
2026-02-10 16:24:35,637; DEBUG; pypromice.core.qc.github_data_issues; ---> flagging 2021-02-14 00:00:00 2021-02-16 00:00:00 usr with RIME, flagged 0/134006
2026-02-10 16:24:35,642; DEBUG; pypromice.core.qc.github_data_issues; ---> flagging 2021-04-15 00:00:00 2021-04-18 00:00:00 dlr with RIME, flagged 0/134006
2026-02-10 16:24:35,644; DEBUG; pypromice.core.qc.github_data_issues; ---> flagging 2021-04-15 00:00:00 2021-04-18 00:00:00 ulr with RIME, flagged 0/134006
2026-02-10 16:24:35,647; DEBUG; pypromice.core.qc.github_data_issues; ---> flagging 2021-04-15 00:00:00 2021-04-18 00:00:00 dsr with RIME, flagged 0/134006
2026-02-10 16:24:35,650; DEBUG; pypromice.core.qc.github_data_issues; ---> flagging 2021-04-15 00:00:00 2021-04-18 00:00:00 usr with RIME, flagged 0/134006
2026-02-10 16:24:35,655; DEBUG; pypromice.core.qc.github_data_issues; ---> flagging 2022-02-16 00:00:00 2022-02-27 00:00:00 dlr with RIME, flagged 1585/134006
2026-02-10 16:24:35,659; DEBUG; pypromice.core.qc.github_data_issues; ---> flagging 2022-02-16 00:00:00 2022-02-27 00:00:00 ulr with RIME, flagged 1585/134006
2026-02-10 16:24:35,663; DEBUG; pypromice.core.qc.github_data_issues; ---> flagging 2022-02-16 00:00:00 2022-02-27 00:00:00 dsr with RIME, flagged 1585/134006
2026-02-10 16:24:35,667; DEBUG; pypromice.core.qc.github_data_issues; ---> flagging 2022-02-16 00:00:00 2022-02-27 00:00:00 usr with RIME, flagged 1585/134006
2026-02-10 16:24:35,672; DEBUG; pypromice.core.qc.github_data_issues; ---> flagging 2022-03-12 00:00:00 2022-03-14 00:00:00 dlr with RIME, flagged 289/134006
2026-02-10 16:24:35,676; DEBUG; pypromice.core.qc.github_data_issues; ---> flagging 2022-03-12 00:00:00 2022-03-14 00:00:00 ulr with RIME, flagged 289/134006
2026-02-10 16:24:35,680; DEBUG; pypromice.core.qc.github_data_issues; ---> flagging 2022-03-12 00:00:00 2022-03-14 00:00:00 dsr with RIME, flagged 289/134006
2026-02-10 16:24:35,685; DEBUG; pypromice.core.qc.github_data_issues; ---> flagging 2022-03-12 00:00:00 2022-03-14 00:00:00 usr with RIME, flagged 289/134006
2026-02-10 16:24:35,690; DEBUG; pypromice.core.qc.github_data_issues; ---> flagging 2022-04-14 00:00:00 2022-04-16 00:00:00 dlr with RIME, flagged 289/134006
2026-02-10 16:24:35,694; DEBUG; pypromice.core.qc.github_data_issues; ---> flagging 2022-04-14 00:00:00 2022-04-16 00:00:00 ulr with RIME, flagged 289/134006
2026-02-10 16:24:35,698; DEBUG; pypromice.core.qc.github_data_issues; ---> flagging 2022-04-14 00:00:00 2022-04-16 00:00:00 dsr with RIME, flagged 289/134006
2026-02-10 16:24:35,702; DEBUG; pypromice.core.qc.github_data_issues; ---> flagging 2022-04-14 00:00:00 2022-04-16 00:00:00 usr with RIME, flagged 289/134006
2026-02-10 16:24:35,705; DEBUG; pypromice.core.qc.github_data_issues; ---> flagging 2022-11-16 00:00:00 2022-11-18 00:00:00 dlr with RIME, flagged 0/134006
2026-02-10 16:24:35,707; DEBUG; pypromice.core.qc.github_data_issues; ---> flagging 2022-11-16 00:00:00 2022-11-18 00:00:00 ulr with RIME, flagged 0/134006
2026-02-10 16:24:35,710; DEBUG; pypromice.core.qc.github_data_issues; ---> flagging 2022-11-16 00:00:00 2022-11-18 00:00:00 dsr with RIME, flagged 0/134006
2026-02-10 16:24:35,713; DEBUG; pypromice.core.qc.github_data_issues; ---> flagging 2022-11-16 00:00:00 2022-11-18 00:00:00 usr with RIME, flagged 0/134006
2026-02-10 16:24:35,716; DEBUG; pypromice.core.qc.github_data_issues; ---> flagging 2023-01-19 00:00:00 2023-01-22 00:00:00 dlr with RIME, flagged 0/134006
2026-02-10 16:24:35,718; DEBUG; pypromice.core.qc.github_data_issues; ---> flagging 2023-01-19 00:00:00 2023-01-22 00:00:00 ulr with RIME, flagged 0/134006
2026-02-10 16:24:35,721; DEBUG; pypromice.core.qc.github_data_issues; ---> flagging 2023-01-19 00:00:00 2023-01-22 00:00:00 dsr with RIME, flagged 0/134006
2026-02-10 16:24:35,724; DEBUG; pypromice.core.qc.github_data_issues; ---> flagging 2023-01-19 00:00:00 2023-01-22 00:00:00 usr with RIME, flagged 0/134006
2026-02-10 16:24:35,727; DEBUG; pypromice.core.qc.github_data_issues; ---> flagging 2023-02-10 00:00:00 2023-02-12 00:00:00 dlr with RIME, flagged 0/134006
2026-02-10 16:24:35,729; DEBUG; pypromice.core.qc.github_data_issues; ---> flagging 2023-02-10 00:00:00 2023-02-12 00:00:00 ulr with RIME, flagged 0/134006
2026-02-10 16:24:35,732; DEBUG; pypromice.core.qc.github_data_issues; ---> flagging 2023-02-10 00:00:00 2023-02-12 00:00:00 dsr with RIME, flagged 0/134006
2026-02-10 16:24:35,734; DEBUG; pypromice.core.qc.github_data_issues; ---> flagging 2023-02-10 00:00:00 2023-02-12 00:00:00 usr with RIME, flagged 0/134006
2026-02-10 16:24:35,739; DEBUG; pypromice.core.qc.github_data_issues; ---> flagging 2023-12-20 00:00:00 2023-12-22 00:00:00 dlr with RIME, flagged 289/134006
2026-02-10 16:24:35,743; DEBUG; pypromice.core.qc.github_data_issues; ---> flagging 2023-12-20 00:00:00 2023-12-22 00:00:00 ulr with RIME, flagged 289/134006
2026-02-10 16:24:35,747; DEBUG; pypromice.core.qc.github_data_issues; ---> flagging 2023-12-20 00:00:00 2023-12-22 00:00:00 dsr with RIME, flagged 289/134006
2026-02-10 16:24:35,751; DEBUG; pypromice.core.qc.github_data_issues; ---> flagging 2023-12-20 00:00:00 2023-12-22 00:00:00 usr with RIME, flagged 289/134006
2026-02-10 16:24:35,756; DEBUG; pypromice.core.qc.github_data_issues; ---> flagging 2024-02-13 00:00:00 2024-02-15 00:00:00 dlr with RIME, flagged 289/134006
2026-02-10 16:24:35,760; DEBUG; pypromice.core.qc.github_data_issues; ---> flagging 2024-02-13 00:00:00 2024-02-15 00:00:00 ulr with RIME, flagged 289/134006
2026-02-10 16:24:35,764; DEBUG; pypromice.core.qc.github_data_issues; ---> flagging 2024-02-13 00:00:00 2024-02-15 00:00:00 dsr with RIME, flagged 289/134006
2026-02-10 16:24:35,768; DEBUG; pypromice.core.qc.github_data_issues; ---> flagging 2024-02-13 00:00:00 2024-02-15 00:00:00 usr with RIME, flagged 289/134006
2026-02-10 16:24:35,773; DEBUG; pypromice.core.qc.github_data_issues; ---> flagging 2024-03-08 00:00:00 2024-03-10 00:00:00 dlr with RIME, flagged 289/134006
2026-02-10 16:24:35,777; DEBUG; pypromice.core.qc.github_data_issues; ---> flagging 2024-03-08 00:00:00 2024-03-10 00:00:00 ulr with RIME, flagged 289/134006
2026-02-10 16:24:35,781; DEBUG; pypromice.core.qc.github_data_issues; ---> flagging 2024-03-08 00:00:00 2024-03-10 00:00:00 dsr with RIME, flagged 289/134006
2026-02-10 16:24:35,785; DEBUG; pypromice.core.qc.github_data_issues; ---> flagging 2024-03-08 00:00:00 2024-03-10 00:00:00 usr with RIME, flagged 289/134006
2026-02-10 16:24:35,791; DEBUG; pypromice.core.qc.github_data_issues; ---> flagging 2025-01-21 00:00:00 2025-06-07 17:00:00 t_i_1 with CONFIRMED, flagged 19826/134006
2026-02-10 16:24:35,799; DEBUG; pypromice.core.qc.github_data_issues; ---> flagging 2021-06-17 14:50:00 2023-08-20 00:00:00 t_i_1 with CONFIRMED, flagged 43552/134006
2026-02-10 16:24:35,806; DEBUG; pypromice.core.qc.github_data_issues; ---> flagging 2025-01-21 00:00:00 2025-06-07 17:00:00 t_i_2 with CONFIRMED, flagged 19826/134006
2026-02-10 16:24:35,813; DEBUG; pypromice.core.qc.github_data_issues; ---> flagging 2021-06-17 14:50:00 2023-08-20 00:00:00 t_i_2 with CONFIRMED, flagged 43552/134006
2026-02-10 16:24:35,819; DEBUG; pypromice.core.qc.github_data_issues; ---> flagging 2025-01-21 00:00:00 2025-06-07 17:00:00 t_i_3 with CONFIRMED, flagged 19826/134006
2026-02-10 16:24:35,826; DEBUG; pypromice.core.qc.github_data_issues; ---> flagging 2021-06-17 14:50:00 2023-08-20 00:00:00 t_i_3 with CONFIRMED, flagged 43552/134006
2026-02-10 16:24:35,833; DEBUG; pypromice.core.qc.github_data_issues; ---> flagging 2025-01-21 00:00:00 2025-06-07 17:00:00 t_i_4 with CONFIRMED, flagged 19826/134006
2026-02-10 16:24:35,840; DEBUG; pypromice.core.qc.github_data_issues; ---> flagging 2021-06-17 14:50:00 2023-08-20 00:00:00 t_i_4 with CONFIRMED, flagged 43552/134006
2026-02-10 16:24:35,847; DEBUG; pypromice.core.qc.github_data_issues; ---> flagging 2025-01-21 00:00:00 2025-06-07 17:00:00 t_i_5 with CONFIRMED, flagged 19826/134006
2026-02-10 16:24:35,854; DEBUG; pypromice.core.qc.github_data_issues; ---> flagging 2021-06-17 14:50:00 2023-08-20 00:00:00 t_i_5 with CONFIRMED, flagged 43552/134006
2026-02-10 16:24:35,860; DEBUG; pypromice.core.qc.github_data_issues; ---> flagging 2025-01-21 00:00:00 2025-06-07 17:00:00 t_i_6 with CONFIRMED, flagged 19826/134006
2026-02-10 16:24:35,867; DEBUG; pypromice.core.qc.github_data_issues; ---> flagging 2021-06-17 14:50:00 2023-08-20 00:00:00 t_i_6 with CONFIRMED, flagged 43552/134006
2026-02-10 16:24:35,874; DEBUG; pypromice.core.qc.github_data_issues; ---> flagging 2025-01-21 00:00:00 2025-06-07 17:00:00 t_i_7 with CONFIRMED, flagged 19826/134006
2026-02-10 16:24:35,880; DEBUG; pypromice.core.qc.github_data_issues; ---> flagging 2021-06-17 14:50:00 2023-08-20 00:00:00 t_i_7 with CONFIRMED, flagged 43552/134006
2026-02-10 16:24:35,887; DEBUG; pypromice.core.qc.github_data_issues; ---> flagging 2025-01-21 00:00:00 2025-06-07 17:00:00 t_i_8 with CONFIRMED, flagged 19826/134006
2026-02-10 16:24:35,894; DEBUG; pypromice.core.qc.github_data_issues; ---> flagging 2021-06-17 14:50:00 2023-08-20 00:00:00 t_i_8 with CONFIRMED, flagged 43552/134006
2026-02-10 16:24:35,900; DEBUG; pypromice.core.qc.github_data_issues; ---> flagging 2021-09-22 00:00:00 2021-11-01 00:00:00 z_pt_cor with CONFIRMED, flagged 0/134006
2026-02-10 16:24:35,905; DEBUG; pypromice.core.qc.github_data_issues; ---> flagging 2025-04-23 00:00:00 2025-06-07 16:10:00 z_pt_cor with CONFIRMED, flagged 6578/134006
2026-02-10 16:24:37,821; INFO; pypromice.core.qc.github_data_issues; Using file: ../PROMICE-AWS-data-issues/adjustments/NUK_Uv3.csv
2026-02-10 16:24:37,843; DEBUG; pypromice.core.qc.github_data_issues; ---> None None gps_lat min_filter 64.505 flagged 31/134006
2026-02-10 16:24:37,853; DEBUG; pypromice.core.qc.github_data_issues; ---> None None gps_lon min_filter 49.27 flagged 31/134006
2026-02-10 16:24:37,863; DEBUG; pypromice.core.qc.github_data_issues; ---> None None t_i_1 min_filter -20.0 flagged 0/134006
2026-02-10 16:24:37,872; DEBUG; pypromice.core.qc.github_data_issues; ---> None None t_i_2 min_filter -20.0 flagged 0/134006
2026-02-10 16:24:37,882; DEBUG; pypromice.core.qc.github_data_issues; ---> None None t_i_3 min_filter -20.0 flagged 0/134006
2026-02-10 16:24:37,892; DEBUG; pypromice.core.qc.github_data_issues; ---> None None t_i_4 min_filter -20.0 flagged 0/134006
2026-02-10 16:24:37,902; DEBUG; pypromice.core.qc.github_data_issues; ---> None None t_i_5 min_filter -20.0 flagged 0/134006
2026-02-10 16:24:37,912; DEBUG; pypromice.core.qc.github_data_issues; ---> None None t_i_6 min_filter -20.0 flagged 0/134006
2026-02-10 16:24:37,922; DEBUG; pypromice.core.qc.github_data_issues; ---> None None t_i_7 min_filter -20.0 flagged 0/134006
2026-02-10 16:24:37,932; DEBUG; pypromice.core.qc.github_data_issues; ---> None None t_i_8 min_filter -20.0 flagged 0/134006
2026-02-10 16:24:37,941; DEBUG; pypromice.core.qc.github_data_issues; ---> None None z_boom_cor_u max_filter 2.8 flagged 481/134006
2026-02-10 16:24:37,942; INFO; pypromice.core.qc.github_data_issues; could not adjust z_ice_surf not in dataset
2026-02-10 16:24:37,946; INFO; pypromice.core.qc.github_data_issues; ---> 2026-01-05 00:00:00 None z_stake_cor min_filter 2.6
2026-02-10 16:24:37,946; INFO; pypromice.core.qc.github_data_issues; Time range does not intersect with dataset
2026-02-10 16:24:37,946; INFO; pypromice.core.qc.github_data_issues; ---> 2026-01-05 00:00:00 None z_stake_cor max_filter 3.0
2026-02-10 16:24:37,946; INFO; pypromice.core.qc.github_data_issues; Time range does not intersect with dataset
2026-02-10 16:24:37,954; DEBUG; pypromice.core.qc.github_data_issues; ---> None None z_stake_cor max_filter 5.0 flagged 9/134006
2026-02-10 16:24:37,955; INFO; pypromice.core.qc.github_data_issues; could not adjust z_surf_2 not in dataset
2026-02-10 16:24:43,495; WARNING; pypromice.pipeline.resample; Dropping QC columns because they are of type object and cannot be resampled
2026-02-10 16:24:44,073; INFO; pypromice.io.write; Resampling to 10min
2026-02-10 16:24:44,262; INFO; pypromice.io.write; Writing to files...
2026-02-10 16:24:50,593; INFO; pypromice.io.write; Written to /media/ice/Baptiste/geussnow01/aws-dev/L2_test/raw/NUK_Uv3/NUK_Uv3_10min.csv
2026-02-10 16:24:50,594; INFO; pypromice.io.write; Written to /media/ice/Baptiste/geussnow01/aws-dev/L2_test/raw/NUK_Uv3/NUK_Uv3_10min.nc
2026-02-10 16:24:50,748; WARNING; pypromice.pipeline.resample; Dropping QC columns because they are of type object and cannot be resampled
2026-02-10 16:24:51,619; INFO; pypromice.io.write; Resampling to 60min
2026-02-10 16:24:51,731; INFO; pypromice.io.write; Writing to files...
2026-02-10 16:24:53,884; INFO; pypromice.io.write; Written to /media/ice/Baptiste/geussnow01/aws-dev/L2_test/raw/NUK_Uv3/NUK_Uv3_hour.csv
2026-02-10 16:24:53,884; INFO; pypromice.io.write; Written to /media/ice/Baptiste/geussnow01/aws-dev/L2_test/raw/NUK_Uv3/NUK_Uv3_hour.nc

 ======== test join_l2 ========= 

2026-02-10 16:24:55,456; INFO; pypromice.pipeline.join_l2; NUK_Uv3 array loaded from /media/ice/Baptiste/geussnow01/aws-dev/L2_test/raw/NUK_Uv3/NUK_Uv3_hour.nc
2026-02-10 16:24:56,958; INFO; pypromice.pipeline.join_l2; NUK_Uv3 array loaded from /media/ice/Baptiste/geussnow01/aws-dev/L2_test/tx/NUK_Uv3/NUK_Uv3_hour.nc
2026-02-10 16:24:56,958; INFO; pypromice.pipeline.join_l2; Combining /media/ice/Baptiste/geussnow01/aws-dev/L2_test/raw/NUK_Uv3/NUK_Uv3_hour.nc with /media/ice/Baptiste/geussnow01/aws-dev/L2_test/tx/NUK_Uv3/NUK_Uv3_hour.nc...
2026-02-10 16:24:57,189; INFO; pypromice.io.write; Writing to files...
2026-02-10 16:25:00,822; INFO; pypromice.io.write; Written to /media/ice/Baptiste/geussnow01/aws-dev/L2_test/level_2/NUK_Uv3/NUK_Uv3_hour.csv
2026-02-10 16:25:00,822; INFO; pypromice.io.write; Written to /media/ice/Baptiste/geussnow01/aws-dev/L2_test/level_2/NUK_Uv3/NUK_Uv3_hour.nc
2026-02-10 16:25:00,822; INFO; pypromice.pipeline.join_l2; Files saved to /media/ice/Baptiste/geussnow01/aws-dev/L2_test/level_2/NUK_Uv3...

 ======== test l2tol3 ========= 

2026-02-10 16:25:01,554; WARNING; root; data_issues_path is missing. Using default data issues path: ../PROMICE-AWS-data-issues
2026-02-10 16:25:04,308; INFO; pypromice.pipeline.L2toL3; processing gps_lat without relocation
2026-02-10 16:25:04,313; INFO; pypromice.pipeline.L2toL3; processing gps_lon without relocation
2026-02-10 16:25:04,316; INFO; pypromice.pipeline.L2toL3; processing gps_alt without relocation
2026-02-10 16:25:04,339; INFO; pypromice.core.qc.github_data_issues; Using file: ../PROMICE-AWS-data-issues/adjustments/NUK_Uv3.csv
2026-02-10 16:25:04,353; DEBUG; pypromice.core.qc.github_data_issues; ---> 2022-08-19 12:00:00 None z_ice_surf add -0.5
2026-02-10 16:25:04,354; DEBUG; pypromice.core.qc.github_data_issues; ---> 2025-06-07 16:00:00 None z_surf_2 add -2.0
2026-02-10 16:25:04,355; INFO; pypromice.pipeline.L2toL3; Combining surface height
2026-02-10 16:25:04,355; INFO; pypromice.pipeline.L2toL3; -> ablation site
2026-02-10 16:25:04,540; DEBUG; pypromice.pipeline.L2toL3; -> estimating ablation period for each year
2026-02-10 16:25:04,543; DEBUG; pypromice.pipeline.L2toL3; 2020 derived from z_ice_surf
2026-02-10 16:25:04,545; DEBUG; pypromice.pipeline.L2toL3; 2021 derived from z_ice_surf
2026-02-10 16:25:04,547; DEBUG; pypromice.pipeline.L2toL3; 2022 derived from z_ice_surf
2026-02-10 16:25:04,549; DEBUG; pypromice.pipeline.L2toL3; 2023 derived from z_ice_surf
2026-02-10 16:25:04,552; DEBUG; pypromice.pipeline.L2toL3; 2024 derived from z_ice_surf
2026-02-10 16:25:04,555; DEBUG; pypromice.pipeline.L2toL3; 2025 no z_ice_surf, just using JJA
2026-02-10 16:25:04,558; DEBUG; pypromice.pipeline.L2toL3; 2026 no z_ice_surf, just using JJA
2026-02-10 16:25:04,558; DEBUG; pypromice.pipeline.L2toL3; 2026 could not estimate ablation season
2026-02-10 16:25:04,558; DEBUG; pypromice.pipeline.L2toL3; 2020: Ablation from 2020-09-24 05:00:00 to 2020-09-30 23:00:00
2026-02-10 16:25:04,564; DEBUG; pypromice.pipeline.L2toL3; adjusting z to hs1
2026-02-10 16:25:04,565; DEBUG; pypromice.pipeline.L2toL3; adjusting hs2 to z
2026-02-10 16:25:04,565; DEBUG; pypromice.pipeline.L2toL3; using end of melt season
2026-02-10 16:25:04,567; DEBUG; pypromice.pipeline.L2toL3; adjusting hs1
2026-02-10 16:25:04,567; DEBUG; pypromice.pipeline.L2toL3; to hs2, minimizing winter difference
2026-02-10 16:25:04,568; DEBUG; pypromice.pipeline.L2toL3; 2021: Ablation from 2021-06-14 03:00:00 to 2021-09-11 10:00:00
2026-02-10 16:25:04,573; DEBUG; pypromice.pipeline.L2toL3; adjusting hs2 to z
2026-02-10 16:25:04,573; DEBUG; pypromice.pipeline.L2toL3; using end of melt season
2026-02-10 16:25:04,575; DEBUG; pypromice.pipeline.L2toL3; adjusting hs1
2026-02-10 16:25:04,575; DEBUG; pypromice.pipeline.L2toL3; to hs2, minimizing winter difference
2026-02-10 16:25:04,576; DEBUG; pypromice.pipeline.L2toL3; 2022: Ablation from 2022-06-18 18:00:00 to 2022-09-28 23:00:00
2026-02-10 16:25:04,581; DEBUG; pypromice.pipeline.L2toL3; adjusting hs2 to z
2026-02-10 16:25:04,581; DEBUG; pypromice.pipeline.L2toL3; using end of melt season
2026-02-10 16:25:04,583; DEBUG; pypromice.pipeline.L2toL3; adjusting hs1
2026-02-10 16:25:04,583; DEBUG; pypromice.pipeline.L2toL3; to hs2, minimizing winter difference
2026-02-10 16:25:04,584; DEBUG; pypromice.pipeline.L2toL3; 2023: Ablation from 2023-07-03 16:00:00 to 2023-09-23 21:00:00
2026-02-10 16:25:04,590; DEBUG; pypromice.pipeline.L2toL3; adjusting hs2 to z
2026-02-10 16:25:04,590; DEBUG; pypromice.pipeline.L2toL3; using end of melt season
2026-02-10 16:25:04,592; DEBUG; pypromice.pipeline.L2toL3; adjusting hs1
2026-02-10 16:25:04,592; DEBUG; pypromice.pipeline.L2toL3; to hs2, minimizing winter difference
2026-02-10 16:25:04,593; DEBUG; pypromice.pipeline.L2toL3; 2024: Ablation from 2024-06-18 07:00:00 to 2024-09-04 14:00:00
2026-02-10 16:25:04,598; DEBUG; pypromice.pipeline.L2toL3; adjusting hs2 to z
2026-02-10 16:25:04,598; DEBUG; pypromice.pipeline.L2toL3; using end of melt season
2026-02-10 16:25:04,599; DEBUG; pypromice.pipeline.L2toL3; adjusting hs1
2026-02-10 16:25:04,600; DEBUG; pypromice.pipeline.L2toL3; to hs2, minimizing winter difference
2026-02-10 16:25:04,601; DEBUG; pypromice.pipeline.L2toL3; 2025: Ablation from 2025-06-01 00:00:00 to 2025-08-31 23:00:00
2026-02-10 16:25:04,606; DEBUG; pypromice.pipeline.L2toL3; adjusting hs1
2026-02-10 16:25:04,606; DEBUG; pypromice.pipeline.L2toL3; to hs2, minimizing winter difference
2026-02-10 16:25:04,607; DEBUG; pypromice.pipeline.L2toL3; 2026: Ablation from 2025-12-31 00:00:00 to 2025-12-31 00:00:00
2026-02-10 16:25:04,627; INFO; pypromice.pipeline.L2toL3; surface height combination finished
2026-02-10 16:25:04,670; INFO; pypromice.pipeline.L2toL3; Calculating thermistor depth
2026-02-10 16:25:04,706; INFO; pypromice.pipeline.L2toL3; interpolating 10 m firn/ice temperature (on hourly values)
2026-02-10 16:25:06,704; WARNING; pypromice.pipeline.resample; Dropping QC columns because they are of type object and cannot be resampled
2026-02-10 16:25:07,102; INFO; pypromice.io.write; Resampling to 60min
2026-02-10 16:25:07,348; INFO; pypromice.io.write; Writing to files...
2026-02-10 16:25:11,255; INFO; pypromice.io.write; Written to /media/ice/Baptiste/geussnow01/aws-dev/L3_test/stations/NUK_Uv3/NUK_Uv3_hour.csv
2026-02-10 16:25:11,255; INFO; pypromice.io.write; Written to /media/ice/Baptiste/geussnow01/aws-dev/L3_test/stations/NUK_Uv3/NUK_Uv3_hour.nc
2026-02-10 16:25:11,262; WARNING; pypromice.pipeline.resample; Dropping QC columns because they are of type object and cannot be resampled
2026-02-10 16:25:11,385; INFO; pypromice.io.write; Resampling to 1D
2026-02-10 16:25:11,548; INFO; pypromice.io.write; Writing to files...
2026-02-10 16:25:12,160; INFO; pypromice.io.write; Written to /media/ice/Baptiste/geussnow01/aws-dev/L3_test/stations/NUK_Uv3/NUK_Uv3_day.csv
2026-02-10 16:25:12,160; INFO; pypromice.io.write; Written to /media/ice/Baptiste/geussnow01/aws-dev/L3_test/stations/NUK_Uv3/NUK_Uv3_day.nc
2026-02-10 16:25:12,167; WARNING; pypromice.pipeline.resample; Dropping QC columns because they are of type object and cannot be resampled
2026-02-10 16:25:12,290; INFO; pypromice.io.write; Resampling to MS
2026-02-10 16:25:12,449; INFO; pypromice.io.write; Writing to files...
2026-02-10 16:25:13,047; INFO; pypromice.io.write; Written to /media/ice/Baptiste/geussnow01/aws-dev/L3_test/stations/NUK_Uv3/NUK_Uv3_month.csv
2026-02-10 16:25:13,047; INFO; pypromice.io.write; Written to /media/ice/Baptiste/geussnow01/aws-dev/L3_test/stations/NUK_Uv3/NUK_Uv3_month.nc
